Component: ARM Compiler 5.05 update 1 (build 106) Tool: armlink [4d0efa]

==============================================================================

Section Cross References

    main.o(i.main) refers to stm32f1xx_hal.o(i.HAL_Init) for HAL_Init
    main.o(i.main) refers to sys.o(i.Stm32_Clock_Init) for Stm32_Clock_Init
    main.o(i.main) refers to delay.o(i.delay_init) for delay_init
    main.o(i.main) refers to usart.o(i.uart_init) for uart_init
    main.o(i.main) refers to delay.o(i.delay_ms) for delay_ms
    main.o(i.main) refers to wheelpwm.o(i.wheelPWMInit) for wheelPWMInit
    main.o(i.main) refers to delay.o(i.delay_us) for delay_us
    main.o(i.main) refers to gimbalpulse.o(i.gimbalPulseInit) for gimbalPulseInit
    main.o(i.main) refers to usmart_config.o(.data) for usmart_dev
    stm32f1xx_it.o(i.SysTick_Handler) refers to stm32f1xx_hal.o(i.HAL_IncTick) for HAL_IncTick
    stm32f1xx_it.o(i.SysTick_Handler) refers to stm32f1xx_hal_cortex.o(i.HAL_SYSTICK_IRQHandler) for HAL_SYSTICK_IRQHandler
    system_stm32f1xx.o(i.SystemCoreClockUpdate) refers to system_stm32f1xx.o(.data) for SystemCoreClock
    system_stm32f1xx.o(i.SystemCoreClockUpdate) refers to system_stm32f1xx.o(.constdata) for AHBPrescTable
    startup_stm32f103xe.o(STACK) refers (Special) to heapauxi.o(.text) for __use_two_region_memory
    startup_stm32f103xe.o(HEAP) refers (Special) to heapauxi.o(.text) for __use_two_region_memory
    startup_stm32f103xe.o(RESET) refers (Special) to heapauxi.o(.text) for __use_two_region_memory
    startup_stm32f103xe.o(RESET) refers to startup_stm32f103xe.o(STACK) for __initial_sp
    startup_stm32f103xe.o(RESET) refers to startup_stm32f103xe.o(.text) for Reset_Handler
    startup_stm32f103xe.o(RESET) refers to stm32f1xx_it.o(i.NMI_Handler) for NMI_Handler
    startup_stm32f103xe.o(RESET) refers to stm32f1xx_it.o(i.HardFault_Handler) for HardFault_Handler
    startup_stm32f103xe.o(RESET) refers to stm32f1xx_it.o(i.MemManage_Handler) for MemManage_Handler
    startup_stm32f103xe.o(RESET) refers to stm32f1xx_it.o(i.BusFault_Handler) for BusFault_Handler
    startup_stm32f103xe.o(RESET) refers to stm32f1xx_it.o(i.UsageFault_Handler) for UsageFault_Handler
    startup_stm32f103xe.o(RESET) refers to stm32f1xx_it.o(i.SVC_Handler) for SVC_Handler
    startup_stm32f103xe.o(RESET) refers to stm32f1xx_it.o(i.DebugMon_Handler) for DebugMon_Handler
    startup_stm32f103xe.o(RESET) refers to stm32f1xx_it.o(i.PendSV_Handler) for PendSV_Handler
    startup_stm32f103xe.o(RESET) refers to stm32f1xx_it.o(i.SysTick_Handler) for SysTick_Handler
    startup_stm32f103xe.o(RESET) refers to wheelpwm.o(i.TIM2_IRQHandler) for TIM2_IRQHandler
    startup_stm32f103xe.o(RESET) refers to gimbalpulse.o(i.TIM3_IRQHandler) for TIM3_IRQHandler
    startup_stm32f103xe.o(RESET) refers to usmart.o(i.TIM4_IRQHandler) for TIM4_IRQHandler
    startup_stm32f103xe.o(RESET) refers to usart.o(i.USART1_IRQHandler) for USART1_IRQHandler
    startup_stm32f103xe.o(.text) refers (Special) to heapauxi.o(.text) for __use_two_region_memory
    startup_stm32f103xe.o(.text) refers to system_stm32f1xx.o(i.SystemInit) for SystemInit
    startup_stm32f103xe.o(.text) refers to __main.o(!!!main) for __main
    startup_stm32f103xe.o(.text) refers to startup_stm32f103xe.o(HEAP) for Heap_Mem
    startup_stm32f103xe.o(.text) refers to startup_stm32f103xe.o(STACK) for Stack_Mem
    stm32f1xx_hal.o(i.HAL_DeInit) refers to stm32f1xx_hal_msp.o(i.HAL_MspDeInit) for HAL_MspDeInit
    stm32f1xx_hal.o(i.HAL_Delay) refers to stm32f1xx_hal.o(i.HAL_GetTick) for HAL_GetTick
    stm32f1xx_hal.o(i.HAL_Delay) refers to stm32f1xx_hal.o(.data) for uwTickFreq
    stm32f1xx_hal.o(i.HAL_GetTick) refers to stm32f1xx_hal.o(.data) for uwTick
    stm32f1xx_hal.o(i.HAL_GetTickFreq) refers to stm32f1xx_hal.o(.data) for uwTickFreq
    stm32f1xx_hal.o(i.HAL_GetTickPrio) refers to stm32f1xx_hal.o(.data) for uwTickPrio
    stm32f1xx_hal.o(i.HAL_IncTick) refers to stm32f1xx_hal.o(.data) for uwTick
    stm32f1xx_hal.o(i.HAL_Init) refers to stm32f1xx_hal_cortex.o(i.HAL_NVIC_SetPriorityGrouping) for HAL_NVIC_SetPriorityGrouping
    stm32f1xx_hal.o(i.HAL_Init) refers to stm32f1xx_hal.o(i.HAL_InitTick) for HAL_InitTick
    stm32f1xx_hal.o(i.HAL_Init) refers to stm32f1xx_hal_msp.o(i.HAL_MspInit) for HAL_MspInit
    stm32f1xx_hal.o(i.HAL_InitTick) refers to stm32f1xx_hal_cortex.o(i.HAL_SYSTICK_Config) for HAL_SYSTICK_Config
    stm32f1xx_hal.o(i.HAL_InitTick) refers to stm32f1xx_hal_cortex.o(i.HAL_NVIC_SetPriority) for HAL_NVIC_SetPriority
    stm32f1xx_hal.o(i.HAL_InitTick) refers to stm32f1xx_hal.o(.data) for uwTickFreq
    stm32f1xx_hal.o(i.HAL_InitTick) refers to system_stm32f1xx.o(.data) for SystemCoreClock
    stm32f1xx_hal.o(i.HAL_SetTickFreq) refers to stm32f1xx_hal.o(i.HAL_InitTick) for HAL_InitTick
    stm32f1xx_hal.o(i.HAL_SetTickFreq) refers to stm32f1xx_hal.o(.data) for uwTickFreq
[...]
    i.HAL_TIMEx_CommutCallback               0x0800278e   Section        0  stm32f1xx_hal_tim_ex.o(i.HAL_TIMEx_CommutCallback)
    i.HAL_TIM_Base_Init                      0x08002790   Section        0  stm32f1xx_hal_tim.o(i.HAL_TIM_Base_Init)
    i.HAL_TIM_Base_MspInit                   0x080027c4   Section        0  stm32f1xx_hal_tim.o(i.HAL_TIM_Base_MspInit)
    i.HAL_TIM_Base_Start_IT                  0x080027c6   Section        0  stm32f1xx_hal_tim.o(i.HAL_TIM_Base_Start_IT)
    i.HAL_TIM_IC_CaptureCallback             0x080027f0   Section        0  wheelpwm.o(i.HAL_TIM_IC_CaptureCallback)
    i.HAL_TIM_IC_ConfigChannel               0x08002800   Section        0  stm32f1xx_hal_tim.o(i.HAL_TIM_IC_ConfigChannel)
    i.HAL_TIM_IC_Init                        0x080028e0   Section        0  stm32f1xx_hal_tim.o(i.HAL_TIM_IC_Init)
    i.HAL_TIM_IC_MspInit                     0x08002914   Section        0  wheelpwm.o(i.HAL_TIM_IC_MspInit)
    i.HAL_TIM_IC_Start_IT                    0x0800297c   Section        0  stm32f1xx_hal_tim.o(i.HAL_TIM_IC_Start_IT)
    i.HAL_TIM_IRQHandler                     0x080029f4   Section        0  stm32f1xx_hal_tim.o(i.HAL_TIM_IRQHandler)
    i.HAL_TIM_OC_ConfigChannel               0x08002b8a   Section        0  stm32f1xx_hal_tim.o(i.HAL_TIM_OC_ConfigChannel)
    i.HAL_TIM_OC_DelayElapsedCallback        0x08002c00   Section        0  gimbalpulse.o(i.HAL_TIM_OC_DelayElapsedCallback)
    i.HAL_TIM_OC_Init                        0x08002c20   Section        0  stm32f1xx_hal_tim.o(i.HAL_TIM_OC_Init)
    i.HAL_TIM_OC_MspInit                     0x08002c54   Section        0  gimbalpulse.o(i.HAL_TIM_OC_MspInit)
    i.HAL_TIM_OC_Start_IT                    0x08002cc0   Section        0  stm32f1xx_hal_tim.o(i.HAL_TIM_OC_Start_IT)
    i.HAL_TIM_PWM_ConfigChannel              0x08002d64   Section        0  stm32f1xx_hal_tim.o(i.HAL_TIM_PWM_ConfigChannel)
    i.HAL_TIM_PWM_Init                       0x08002e6c   Section        0  stm32f1xx_hal_tim.o(i.HAL_TIM_PWM_Init)
    i.HAL_TIM_PWM_MspInit                    0x08002ea0   Section        0  wheelpwm.o(i.HAL_TIM_PWM_MspInit)
    i.HAL_TIM_PWM_PulseFinishedCallback      0x08002f0c   Section        0  stm32f1xx_hal_tim.o(i.HAL_TIM_PWM_PulseFinishedCallback)
    i.HAL_TIM_PWM_Start                      0x08002f10   Section        0  stm32f1xx_hal_tim.o(i.HAL_TIM_PWM_Start)
    i.HAL_TIM_PeriodElapsedCallback          0x08002f68   Section        0  stm32f1xx_hal_tim.o(i.HAL_TIM_PeriodElapsedCallback)
    i.HAL_TIM_TriggerCallback                0x08002f6a   Section        0  stm32f1xx_hal_tim.o(i.HAL_TIM_TriggerCallback)
    i.HAL_UART_ErrorCallback                 0x08002f6c   Section        0  stm32f1xx_hal_uart.o(i.HAL_UART_ErrorCallback)
    i.HAL_UART_GetState                      0x08002f6e   Section        0  stm32f1xx_hal_uart.o(i.HAL_UART_GetState)
    i.HAL_UART_IRQHandler                    0x08002f84   Section        0  stm32f1xx_hal_uart.o(i.HAL_UART_IRQHandler)
    i.HAL_UART_Init                          0x080030d0   Section        0  stm32f1xx_hal_uart.o(i.HAL_UART_Init)
    i.HAL_UART_MspInit                       0x08003144   Section        0  usart.o(i.HAL_UART_MspInit)
    i.HAL_UART_Receive_IT                    0x080031ec   Section        0  stm32f1xx_hal_uart.o(i.HAL_UART_Receive_IT)
    i.HAL_UART_RxCpltCallback                0x0800325c   Section        0  usart.o(i.HAL_UART_RxCpltCallback)
    i.HAL_UART_TxCpltCallback                0x080032e4   Section        0  stm32f1xx_hal_uart.o(i.HAL_UART_TxCpltCallback)
    i.HardFault_Handler                      0x080032e6   Section        0  stm32f1xx_it.o(i.HardFault_Handler)
    i.IO2Init                                0x080032ec   Section        0  wheelpwm.o(i.IO2Init)
    i.MemManage_Handler                      0x0800333c   Section        0  stm32f1xx_it.o(i.MemManage_Handler)
    i.NMI_Handler                            0x08003340   Section        0  stm32f1xx_it.o(i.NMI_Handler)
    i.PendSV_Handler                         0x08003342   Section        0  stm32f1xx_it.o(i.PendSV_Handler)
    i.RCC_Delay                              0x08003344   Section        0  stm32f1xx_hal_rcc.o(i.RCC_Delay)
    RCC_Delay                                0x08003345   Thumb Code    36  stm32f1xx_hal_rcc.o(i.RCC_Delay)
    i.SPI_EndRxTxTransaction                 0x0800336c   Section        0  stm32f1xx_hal_spi.o(i.SPI_EndRxTxTransaction)
    SPI_EndRxTxTransaction                   0x0800336d   Thumb Code    40  stm32f1xx_hal_spi.o(i.SPI_EndRxTxTransaction)
    i.SPI_ISCRCErrorValid                    0x08003394   Section        0  stm32f1xx_hal_spi.o(i.SPI_ISCRCErrorValid)
    i.SPI_ReadWriteByte                      0x0800339c   Section        0  spi.o(i.SPI_ReadWriteByte)
    i.SPI_WaitFlagStateUntilTimeout          0x080033c0   Section        0  stm32f1xx_hal_spi.o(i.SPI_WaitFlagStateUntilTimeout)
    SPI_WaitFlagStateUntilTimeout            0x080033c1   Thumb Code   168  stm32f1xx_hal_spi.o(i.SPI_WaitFlagStateUntilTimeout)
    i.SVC_Handler                            0x08003468   Section        0  stm32f1xx_it.o(i.SVC_Handler)
    i.Stm32_Clock_Init                       0x0800346a   Section        0  sys.o(i.Stm32_Clock_Init)
    i.SysTick_Handler                        0x080034c0   Section        0  stm32f1xx_it.o(i.SysTick_Handler)
    i.SystemInit                             0x080034cc   Section        0  system_stm32f1xx.o(i.SystemInit)
    i.TIM1_PWM_Init                          0x08003524   Section        0  wheelpwm.o(i.TIM1_PWM_Init)
    i.TIM2_CH3_Capture_Init                  0x08003578   Section        0  wheelpwm.o(i.TIM2_CH3_Capture_Init)
    i.TIM2_IRQHandler                        0x080035d0   Section        0  wheelpwm.o(i.TIM2_IRQHandler)
    i.TIM3_IRQHandler                        0x080035e0   Section        0  gimbalpulse.o(i.TIM3_IRQHandler)
    i.TIM3_Pulse_Init                        0x080035f0   Section        0  gimbalpulse.o(i.TIM3_Pulse_Init)
    i.TIM4_IRQHandler                        0x08003644   Section        0  usmart.o(i.TIM4_IRQHandler)
    i.TIM_Base_SetConfig                     0x08003688   Section        0  stm32f1xx_hal_tim.o(i.TIM_Base_SetConfig)
    i.TIM_CCxChannelCmd                      0x08003724   Section        0  stm32f1xx_hal_tim.o(i.TIM_CCxChannelCmd)
    i.TIM_OC1_SetConfig                      0x08003748   Section        0  stm32f1xx_hal_tim.o(i.TIM_OC1_SetConfig)
    TIM_OC1_SetConfig                        0x08003749   Thumb Code   104  stm32f1xx_hal_tim.o(i.TIM_OC1_SetConfig)
    i.TIM_OC2_SetConfig                      0x080037b8   Section        0  stm32f1xx_hal_tim.o(i.TIM_OC2_SetConfig)
    i.TIM_OC3_SetConfig                      0x08003834   Section        0  stm32f1xx_hal_tim.o(i.TIM_OC3_SetConfig)
    TIM_OC3_SetConfig                        0x08003835   Thumb Code   112  stm32f1xx_hal_tim.o(i.TIM_OC3_SetConfig)
    i.TIM_OC4_SetConfig                      0x080038ac   Section        0  stm32f1xx_hal_tim.o(i.TIM_OC4_SetConfig)
    TIM_OC4_SetConfig                        0x080038ad   Thumb Code    74  stm32f1xx_hal_tim.o(i.TIM_OC4_SetConfig)
    i.TIM_SetTIM1CH4CCR                      0x08003900   Section        0  wheelpwm.o(i.TIM_SetTIM1CH4CCR)
    i.TIM_TI1_SetConfig                      0x0800390c   Section        0  stm32f1xx_hal_tim.o(i.TIM_TI1_SetConfig)
    i.TIM_TI2_SetConfig                      0x08003988   Section        0  stm32f1xx_hal_tim.o(i.TIM_TI2_SetConfig)
    TIM_TI2_SetConfig                        0x08003989   Thumb Code    58  stm32f1xx_hal_tim.o(i.TIM_TI2_SetConfig)
    i.TIM_TI3_SetConfig                      0x080039c2   Section        0  stm32f1xx_hal_tim.o(i.TIM_TI3_SetConfig)
    TIM_TI3_SetConfig                        0x080039c3   Thumb Code    56  stm32f1xx_hal_tim.o(i.TIM_TI3_SetConfig)
    i.TIM_TI4_SetConfig                      0x080039fa   Section        0  stm32f1xx_hal_tim.o(i.TIM_TI4_SetConfig)
    TIM_TI4_SetConfig                        0x080039fb   Thumb Code    60  stm32f1xx_hal_tim.o(i.TIM_TI4_SetConfig)
    i.Timer4_Init                            0x08003a38   Section        0  usmart.o(i.Timer4_Init)
    i.UART_DMAAbortOnError                   0x08003a94   Section        0  stm32f1xx_hal_uart.o(i.UART_DMAAbortOnError)
    UART_DMAAbortOnError                     0x08003a95   Thumb Code    20  stm32f1xx_hal_uart.o(i.UART_DMAAbortOnError)
    i.UART_EndRxTransfer                     0x08003aa8   Section        0  stm32f1xx_hal_uart.o(i.UART_EndRxTransfer)
    UART_EndRxTransfer                       0x08003aa9   Thumb Code    32  stm32f1xx_hal_uart.o(i.UART_EndRxTransfer)
    i.UART_EndTransmit_IT                    0x08003ac8   Section        0  stm32f1xx_hal_uart.o(i.UART_EndTransmit_IT)
    UART_EndTransmit_IT                      0x08003ac9   Thumb Code    32  stm32f1xx_hal_uart.o(i.UART_EndTransmit_IT)
    i.UART_Receive_IT                        0x08003ae8   Section        0  stm32f1xx_hal_uart.o(i.UART_Receive_IT)
    UART_Receive_IT                          0x08003ae9   Thumb Code   166  stm32f1xx_hal_uart.o(i.UART_Receive_IT)
    i.UART_SetConfig                         0x08003b90   Section        0  stm32f1xx_hal_uart.o(i.UART_SetConfig)
    UART_SetConfig                           0x08003b91   Thumb Code   412  stm32f1xx_hal_uart.o(i.UART_SetConfig)
    i.UART_Transmit_IT                       0x08003d30   Section        0  stm32f1xx_hal_uart.o(i.UART_Transmit_IT)
    UART_Transmit_IT                         0x08003d31   Thumb Code   104  stm32f1xx_hal_uart.o(i.UART_Transmit_IT)
    i.USART1_IRQHandler                      0x08003d98   Section        0  usart.o(i.USART1_IRQHandler)
    i.UsageFault_Handler                     0x08003dd8   Section        0  stm32f1xx_it.o(i.UsageFault_Handler)
    i.__ARM_fpclassify                       0x08003ddc   Section        0  fpclassify.o(i.__ARM_fpclassify)
    i.__NVIC_GetPriorityGrouping             0x08003e04   Section        0  stm32f1xx_hal_cortex.o(i.__NVIC_GetPriorityGrouping)
    __NVIC_GetPriorityGrouping               0x08003e05   Thumb Code    10  stm32f1xx_hal_cortex.o(i.__NVIC_GetPriorityGrouping)
    i.__NVIC_SetPriority                     0x08003e14   Section        0  stm32f1xx_hal_cortex.o(i.__NVIC_SetPriority)
    __NVIC_SetPriority                       0x08003e15   Thumb Code    32  stm32f1xx_hal_cortex.o(i.__NVIC_SetPriority)
    i._is_digit                              0x08003e3c   Section        0  __printf_wp.o(i._is_digit)
    i._sys_exit                              0x08003e4a   Section        0  usart.o(i._sys_exit)
    i.changeFixedSpeed                       0x08003e50   Section        0  gimbalpulse.o(i.changeFixedSpeed)
    i.delay_init                             0x08003e5c   Section        0  delay.o(i.delay_init)
    i.delay_ms                               0x08003e70   Section        0  delay.o(i.delay_ms)
    i.delay_us                               0x08003e88   Section        0  delay.o(i.delay_us)
    i.fputc                                  0x08003ed0   Section        0  usart.o(i.fputc)
    i.gimbalPulseInit                        0x08003eec   Section        0  gimbalpulse.o(i.gimbalPulseInit)
    i.incPIDCalc                             0x08003f08   Section        0  wheelpwm.o(i.incPIDCalc)
    i.incPIDInit                             0x08003fa0   Section        0  wheelpwm.o(i.incPIDInit)
    i.main                                   0x08003fe8   Section        0  main.o(i.main)
    i.read_addr                              0x08004038   Section        0  usmart.o(i.read_addr)
    i.setDesiredPoint                        0x08004040   Section        0  wheelpwm.o(i.setDesiredPoint)
    i.testUsmart                             0x0800404c   Section        0  usart.o(i.testUsmart)
    i.tmc260SPITransmit                      0x08004064   Section        0  tmc260.o(i.tmc260SPITransmit)
    i.tmc260SetMicroStep                     0x080040c8   Section        0  tmc260.o(i.tmc260SetMicroStep)
    i.uart_init                              0x08004140   Section        0  usart.o(i.uart_init)
    i.usmart_cmd_rec                         0x08004178   Section        0  usmart.o(i.usmart_cmd_rec)
    i.usmart_exe                             0x08004228   Section        0  usmart.o(i.usmart_exe)
    i.usmart_get_aparm                       0x080044fc   Section        0  usmart_str.o(i.usmart_get_aparm)
    i.usmart_get_cmdname                     0x080045d0   Section        0  usmart_str.o(i.usmart_get_cmdname)
    i.usmart_get_fname                       0x08004608   Section        0  usmart_str.o(i.usmart_get_fname)
    i.usmart_get_fparam                      0x080047c8   Section        0  usmart_str.o(i.usmart_get_fparam)
    i.usmart_get_parmpos                     0x080048d4   Section        0  usmart_str.o(i.usmart_get_parmpos)
    i.usmart_get_runtime                     0x080048f4   Section        0  usmart.o(i.usmart_get_runtime)
    i.usmart_init                            0x08004938   Section        0  usmart.o(i.usmart_init)
    i.usmart_pow                             0x08004960   Section        0  usmart_str.o(i.usmart_pow)
    i.usmart_reset_runtime                   0x08004978   Section        0  usmart.o(i.usmart_reset_runtime)
    i.usmart_scan                            0x080049ac   Section        0  usmart.o(i.usmart_scan)
    i.usmart_search_nextc                    0x08004a68   Section        0  usmart_str.o(i.usmart_search_nextc)
    i.usmart_str2num                         0x08004a7e   Section        0  usmart_str.o(i.usmart_str2num)
    i.usmart_strcmp                          0x08004b84   Section        0  usmart_str.o(i.usmart_strcmp)
    i.usmart_strcopy                         0x08004ba6   Section        0  usmart_str.o(i.usmart_strcopy)
    i.usmart_strlen                          0x08004bbc   Section        0  usmart_str.o(i.usmart_strlen)
    i.usmart_sys_cmd_exe                     0x08004bd4   Section        0  usmart.o(i.usmart_sys_cmd_exe)
    i.wheelPWMInit                           0x080052c8   Section        0  wheelpwm.o(i.wheelPWMInit)
    i.write_addr                             0x08005300   Section        0  usmart.o(i.write_addr)
    locale$$code                             0x08005304   Section       44  lc_numeric_c.o(locale$$code)
    x$fpl$dadd                               0x08005330   Section      336  daddsub_clz.o(x$fpl$dadd)
    _dadd1                                   0x08005341   Thumb Code     0  daddsub_clz.o(x$fpl$dadd)
    x$fpl$ddiv                               0x08005480   Section      688  ddiv.o(x$fpl$ddiv)
    ddiv_entry                               0x08005487   Thumb Code     0  ddiv.o(x$fpl$ddiv)
    x$fpl$dfix                               0x08005730   Section       94  dfix.o(x$fpl$dfix)
    x$fpl$dfltu                              0x0800578e   Section       38  dflt_clz.o(x$fpl$dfltu)
    x$fpl$dmul                               0x080057b4   Section      340  dmul.o(x$fpl$dmul)
    x$fpl$dnaninf                            0x08005908   Section      156  dnaninf.o(x$fpl$dnaninf)
    x$fpl$dretinf                            0x080059a4   Section       12  dretinf.o(x$fpl$dretinf)
    x$fpl$drsb                               0x080059b0   Section       22  daddsub_clz.o(x$fpl$drsb)
    x$fpl$dsub                               0x080059c8   Section      468  daddsub_clz.o(x$fpl$dsub)
    _dsub1                                   0x080059d9   Thumb Code     0  daddsub_clz.o(x$fpl$dsub)
    x$fpl$printf1                            0x08005b9c   Section        4  printf1.o(x$fpl$printf1)
    .constdata                               0x08005ba0   Section       24  system_stm32f1xx.o(.constdata)
    x$fpl$usenofp                            0x08005ba0   Section        0  usenofp.o(x$fpl$usenofp)
    .constdata                               0x08005bb8   Section       40  _printf_hex_int.o(.constdata)
    uc_hextab                                0x08005bb8   Data          20  _printf_hex_int.o(.constdata)
    lc_hextab                                0x08005bcc   Data          20  _printf_hex_int.o(.constdata)
    .constdata                               0x08005be0   Section       17  __printf_flags_ss_wp.o(.constdata)
    maptable                                 0x08005be0   Data          17  __printf_flags_ss_wp.o(.constdata)
    .constdata                               0x08005bf4   Section      148  bigflt0.o(.constdata)
    tenpwrs_x                                0x08005bf4   Data          60  bigflt0.o(.constdata)
    tenpwrs_i                                0x08005c30   Data          64  bigflt0.o(.constdata)
    .conststring                             0x08005c88   Section       40  usmart.o(.conststring)
    .conststring                             0x08005cb0   Section      279  usmart_config.o(.conststring)
    locale$$data                             0x08005de8   Section       28  lc_numeric_c.o(locale$$data)
    __lcnum_c_name                           0x08005dec   Data           2  lc_numeric_c.o(locale$$data)
    __lcnum_c_start                          0x08005df4   Data           0  lc_numeric_c.o(locale$$data)
    __lcnum_c_point                          0x08005e00   Data           0  lc_numeric_c.o(locale$$data)
    __lcnum_c_thousands                      0x08005e02   Data           0  lc_numeric_c.o(locale$$data)
    __lcnum_c_grouping                       0x08005e03   Data           0  lc_numeric_c.o(locale$$data)
    __lcnum_c_end                            0x08005e04   Data           0  lc_numeric_c.o(locale$$data)
    .data                                    0x20000000   Section        4  system_stm32f1xx.o(.data)
    .data                                    0x20000004   Section        9  stm32f1xx_hal.o(.data)
    .data                                    0x20000010   Section        4  delay.o(.data)
    fac_us                                   0x20000010   Data           4  delay.o(.data)
    .data                                    0x20000014   Section        7  usart.o(.data)
    .data                                    0x2000001c   Section       16  wheelpwm.o(.data)
    .data                                    0x2000002c   Section      597  gimbalpulse.o(.data)
    .data                                    0x20000284   Section       28  usmart.o(.data)
    .data                                    0x200002a0   Section      316  usmart_config.o(.data)
    .bss                                     0x200003dc   Section      264  usart.o(.bss)
    .bss                                     0x200004e4   Section       88  spi.o(.bss)
    .bss                                     0x20000540   Section      224  wheelpwm.o(.bss)
    .bss                                     0x20000620   Section      112  gimbalpulse.o(.bss)
    .bss                                     0x20000690   Section       64  usmart.o(.bss)
    .bss                                     0x200006d0   Section       96  libspace.o(.bss)
    HEAP                                     0x20000730   Section      512  startup_stm32f103xe.o(HEAP)
    Heap_Mem                                 0x20000730   Data         512  startup_stm32f103xe.o(HEAP)
    STACK                                    0x20000930   Section     1024  startup_stm32f103xe.o(STACK)
    Stack_Mem                                0x20000930   Data        1024  startup_stm32f103xe.o(STACK)
    __initial_sp                             0x20000d30   Data           0  startup_stm32f103xe.o(STACK)

    Global Symbols

    Symbol Name                              Value     Ov Type        Size  Object(Section)

    BuildAttributes$$THM_ISAv4$P$D$K$B$S$PE$A:L22UL41UL21$X:L11$S22US41US21$IEEE1$IW$USESV6$~STKCKD$USESV7$~SHL$OTIME$ROPI$IEEEJ$EBA8$UX$STANDARDLIB$REQ8$PRES8$EABIv2 0x00000000   Number         0  anon$$obj.o ABSOLUTE
    __ARM_use_no_argv                        0x00000000   Number         0  main.o ABSOLUTE
    _printf_flags                            0x00000000   Number         0  printf_stubs.o ABSOLUTE
    _printf_return_value                     0x00000000   Number         0  printf_stubs.o ABSOLUTE
    _printf_sizespec                         0x00000000   Number         0  printf_stubs.o ABSOLUTE
    _printf_widthprec                        0x00000000   Number         0  printf_stubs.o ABSOLUTE
    __ARM_exceptions_init                     - Undefined Weak Reference
    __alloca_initialize                       - Undefined Weak Reference
    __arm_preinit_                            - Undefined Weak Reference
    __cpp_initialize__aeabi_                  - Undefined Weak Reference
    __cxa_finalize                            - Undefined Weak Reference
    __sigvec_lookup                           - Undefined Weak Reference
    _atexit_init                              - Undefined Weak Reference
    _call_atexit_fns                          - Undefined Weak Reference
    _clock_init                               - Undefined Weak Reference
    _fp_trap_init                             - Undefined Weak Reference
    _fp_trap_shutdown                         - Undefined Weak Reference
    _get_lc_collate                           - Undefined Weak Reference
    _get_lc_ctype                             - Undefined Weak Reference
    _get_lc_monetary                          - Undefined Weak Reference
    _get_lc_time                              - Undefined Weak Reference
    _getenv_init                              - Undefined Weak Reference
    _handle_redirection                       - Undefined Weak Reference
    _init_alloc                               - Undefined Weak Reference
    _init_user_alloc                          - Undefined Weak Reference
    _initio                                   - Undefined Weak Reference
    _mutex_acquire                            - Undefined Weak Reference
    _mutex_release                            - Undefined Weak Reference
    _printf_mbtowc                            - Undefined Weak Reference
    _printf_truncate_signed                   - Undefined Weak Reference
    _printf_truncate_unsigned                 - Undefined Weak Reference
    _rand_init                                - Undefined Weak Reference
    _signal_finish                            - Undefined Weak Reference
    _signal_init                              - Undefined Weak Reference
    _terminate_alloc                          - Undefined Weak Reference
    _terminate_user_alloc                     - Undefined Weak Reference
    _terminateio                              - Undefined Weak Reference
    __Vectors_Size                           0x00000130   Number         0  startup_stm32f103xe.o ABSOLUTE
    __Vectors                                0x08000000   Data           4  startup_stm32f103xe.o(RESET)
    __Vectors_End                            0x08000130   Data           0  startup_stm32f103xe.o(RESET)
    __main                                   0x08000131   Thumb Code     8  __main.o(!!!main)
    __scatterload                            0x08000139   Thumb Code     0  __scatter.o(!!!scatter)
    __scatterload_rt2                        0x08000139   Thumb Code    44  __scatter.o(!!!scatter)
    __scatterload_rt2_thumb_only             0x08000139   Thumb Code     0  __scatter.o(!!!scatter)
    __scatterload_null                       0x08000147   Thumb Code     0  __scatter.o(!!!scatter)
    __decompress                             0x0800016d   Thumb Code    90  __dczerorl2.o(!!dczerorl2)
    __decompress1                            0x0800016d   Thumb Code     0  __dczerorl2.o(!!dczerorl2)
    __scatterload_zeroinit                   0x080001c9   Thumb Code    28  __scatter_zi.o(!!handler_zi)
    _printf_f                                0x080001e5   Thumb Code     0  _printf_f.o(.ARM.Collect$$_printf_percent$$00000003)
    _printf_percent                          0x080001e5   Thumb Code     0  _printf_percent.o(.ARM.Collect$$_printf_percent$$00000000)
    _printf_d                                0x080001eb   Thumb Code     0  _printf_d.o(.ARM.Collect$$_printf_percent$$00000009)
    _printf_u                                0x080001f1   Thumb Code     0  _printf_u.o(.ARM.Collect$$_printf_percent$$0000000A)
    _printf_x                                0x080001f7   Thumb Code     0  _printf_x.o(.ARM.Collect$$_printf_percent$$0000000C)
    _printf_c                                0x080001fd   Thumb Code     0  _printf_c.o(.ARM.Collect$$_printf_percent$$00000013)
    _printf_s                                0x08000203   Thumb Code     0  _printf_s.o(.ARM.Collect$$_printf_percent$$00000014)
    _printf_percent_end                      0x08000209   Thumb Code     0  _printf_percent_end.o(.ARM.Collect$$_printf_percent$$00000017)
    __rt_lib_init                            0x0800020d   Thumb Code     0  libinit.o(.ARM.Collect$$libinit$$00000000)
    __rt_lib_init_fp_1                       0x0800020f   Thumb Code     0  libinit2.o(.ARM.Collect$$libinit$$00000002)
    __rt_lib_init_heap_1                     0x0800020f   Thumb Code     0  libinit2.o(.ARM.Collect$$libinit$$0000000A)
    __rt_lib_init_lc_common                  0x0800020f   Thumb Code     0  libinit2.o(.ARM.Collect$$libinit$$0000000F)
    __rt_lib_init_preinit_1                  0x0800020f   Thumb Code     0  libinit2.o(.ARM.Collect$$libinit$$00000004)
    __rt_lib_init_rand_1                     0x0800020f   Thumb Code     0  libinit2.o(.ARM.Collect$$libinit$$0000000E)
    __rt_lib_init_user_alloc_1               0x0800020f   Thumb Code     0  libinit2.o(.ARM.Collect$$libinit$$0000000C)
    __rt_lib_init_lc_collate_1               0x08000215   Thumb Code     0  libinit2.o(.ARM.Collect$$libinit$$00000011)
    __rt_lib_init_lc_ctype_1                 0x08000215   Thumb Code     0  libinit2.o(.ARM.Collect$$libinit$$00000013)
    __rt_lib_init_lc_monetary_1              0x08000215   Thumb Code     0  libinit2.o(.ARM.Collect$$libinit$$00000015)
    __rt_lib_init_lc_numeric_2               0x08000215   Thumb Code     0  libinit2.o(.ARM.Collect$$libinit$$00000016)
    __rt_lib_init_alloca_1                   0x0800021f   Thumb Code     0  libinit2.o(.ARM.Collect$$libinit$$0000002E)
    __rt_lib_init_argv_1                     0x0800021f   Thumb Code     0  libinit2.o(.ARM.Collect$$libinit$$0000002C)
    __rt_lib_init_atexit_1                   0x0800021f   Thumb Code     0  libinit2.o(.ARM.Collect$$libinit$$0000001B)
    __rt_lib_init_clock_1                    0x0800021f   Thumb Code     0  libinit2.o(.ARM.Collect$$libinit$$00000021)
    __rt_lib_init_cpp_1                      0x0800021f   Thumb Code     0  libinit2.o(.ARM.Collect$$libinit$$00000032)
    __rt_lib_init_exceptions_1               0x0800021f   Thumb Code     0  libinit2.o(.ARM.Collect$$libinit$$00000030)
    __rt_lib_init_fp_trap_1                  0x0800021f   Thumb Code     0  libinit2.o(.ARM.Collect$$libinit$$0000001F)
    __rt_lib_init_getenv_1                   0x0800021f   Thumb Code     0  libinit2.o(.ARM.Collect$$libinit$$00000023)
    __rt_lib_init_lc_numeric_1               0x0800021f   Thumb Code     0  libinit2.o(.ARM.Collect$$libinit$$00000017)
    __rt_lib_init_lc_time_1                  0x0800021f   Thumb Code     0  libinit2.o(.ARM.Collect$$libinit$$00000019)
    __rt_lib_init_return                     0x0800021f   Thumb Code     0  libinit2.o(.ARM.Collect$$libinit$$00000033)
    __rt_lib_init_signal_1                   0x0800021f   Thumb Code     0  libinit2.o(.ARM.Collect$$libinit$$0000001D)
    __rt_lib_init_stdio_1                    0x0800021f   Thumb Code     0  libinit2.o(.ARM.Collect$$libinit$$00000025)
    __rt_lib_shutdown                        0x08000221   Thumb Code     0  libshutdown.o(.ARM.Collect$$libshutdown$$00000000)
    __rt_lib_shutdown_fp_trap_1              0x08000223   Thumb Code     0  libshutdown2.o(.ARM.Collect$$libshutdown$$00000006)
    __rt_lib_shutdown_heap_1                 0x08000223   Thumb Code     0  libshutdown2.o(.ARM.Collect$$libshutdown$$0000000E)
    __rt_lib_shutdown_return                 0x08000223   Thumb Code     0  libshutdown2.o(.ARM.Collect$$libshutdown$$0000000F)
    __rt_lib_shutdown_signal_1               0x08000223   Thumb Code     0  libshutdown2.o(.ARM.Collect$$libshutdown$$00000009)
    __rt_lib_shutdown_stdio_1                0x08000223   Thumb Code     0  libshutdown2.o(.ARM.Collect$$libshutdown$$00000003)
    __rt_lib_shutdown_user_alloc_1           0x08000223   Thumb Code     0  libshutdown2.o(.ARM.Collect$$libshutdown$$0000000B)
    __rt_entry                               0x08000225   Thumb Code     0  __rtentry.o(.ARM.Collect$$rtentry$$00000000)
    __rt_entry_presh_1                       0x08000225   Thumb Code     0  __rtentry2.o(.ARM.Collect$$rtentry$$00000002)
    __rt_entry_sh                            0x08000225   Thumb Code     0  __rtentry4.o(.ARM.Collect$$rtentry$$00000004)
    __rt_entry_li                            0x0800022b   Thumb Code     0  __rtentry2.o(.ARM.Collect$$rtentry$$0000000A)
    __rt_entry_postsh_1                      0x0800022b   Thumb Code     0  __rtentry2.o(.ARM.Collect$$rtentry$$00000009)
    __rt_entry_main                          0x0800022f   Thumb Code     0  __rtentry2.o(.ARM.Collect$$rtentry$$0000000D)
    __rt_entry_postli_1                      0x0800022f   Thumb Code     0  __rtentry2.o(.ARM.Collect$$rtentry$$0000000C)
    __rt_exit                                0x08000237   Thumb Code     0  rtexit.o(.ARM.Collect$$rtexit$$00000000)
    __rt_exit_ls                             0x08000239   Thumb Code     0  rtexit2.o(.ARM.Collect$$rtexit$$00000003)
    __rt_exit_prels_1                        0x08000239   Thumb Code     0  rtexit2.o(.ARM.Collect$$rtexit$$00000002)
    __rt_exit_exit                           0x0800023d   Thumb Code     0  rtexit2.o(.ARM.Collect$$rtexit$$00000004)
    Reset_Handler                            0x08000245   Thumb Code     8  startup_stm32f103xe.o(.text)
    ADC1_2_IRQHandler                        0x0800025f   Thumb Code     0  startup_stm32f103xe.o(.text)
    ADC3_IRQHandler                          0x0800025f   Thumb Code     0  startup_stm32f103xe.o(.text)
    CAN1_RX1_IRQHandler                      0x0800025f   Thumb Code     0  startup_stm32f103xe.o(.text)
    CAN1_SCE_IRQHandler                      0x0800025f   Thumb Code     0  startup_stm32f103xe.o(.text)
    DMA1_Channel1_IRQHandler                 0x0800025f   Thumb Code     0  startup_stm32f103xe.o(.text)
    DMA1_Channel2_IRQHandler                 0x0800025f   Thumb Code     0  startup_stm32f103xe.o(.text)
    DMA1_Channel3_IRQHandler                 0x0800025f   Thumb Code     0  startup_stm32f103xe.o(.text)
    DMA1_Channel4_IRQHandler                 0x0800025f   Thumb Code     0  startup_stm32f103xe.o(.text)
    DMA1_Channel5_IRQHandler                 0x0800025f   Thumb Code     0  startup_stm32f103xe.o(.text)
    DMA1_Channel6_IRQHandler                 0x0800025f   Thumb Code     0  startup_stm32f103xe.o(.text)
    DMA1_Channel7_IRQHandler                 0x0800025f   Thumb Code     0  startup_stm32f103xe.o(.text)
    DMA2_Channel1_IRQHandler                 0x0800025f   Thumb Code     0  startup_stm32f103xe.o(.text)
    DMA2_Channel2_IRQHandler                 0x0800025f   Thumb Code     0  startup_stm32f103xe.o(.text)
    DMA2_Channel3_IRQHandler                 0x0800025f   Thumb Code     0  startup_stm32f103xe.o(.text)
    DMA2_Channel4_5_IRQHandler               0x0800025f   Thumb Code     0  startup_stm32f103xe.o(.text)
    EXTI0_IRQHandler                         0x0800025f   Thumb Code     0  startup_stm32f103xe.o(.text)
    EXTI15_10_IRQHandler                     0x0800025f   Thumb Code     0  startup_stm32f103xe.o(.text)
    EXTI1_IRQHandler                         0x0800025f   Thumb Code     0  startup_stm32f103xe.o(.text)
    EXTI2_IRQHandler                         0x0800025f   Thumb Code     0  startup_stm32f103xe.o(.text)
    EXTI3_IRQHandler                         0x0800025f   Thumb Code     0  startup_stm32f103xe.o(.text)
    EXTI4_IRQHandler                         0x0800025f   Thumb Code     0  startup_stm32f103xe.o(.text)
    EXTI9_5_IRQHandler                       0x0800025f   Thumb Code     0  startup_stm32f103xe.o(.text)
    FLASH_IRQHandler                         0x0800025f   Thumb Code     0  startup_stm32f103xe.o(.text)
    FSMC_IRQHandler                          0x0800025f   Thumb Code     0  startup_stm32f103xe.o(.text)
    I2C1_ER_IRQHandler                       0x0800025f   Thumb Code     0  startup_stm32f103xe.o(.text)
    I2C1_EV_IRQHandler                       0x0800025f   Thumb Code     0  startup_stm32f103xe.o(.text)
    I2C2_ER_IRQHandler                       0x0800025f   Thumb Code     0  startup_stm32f103xe.o(.text)
    I2C2_EV_IRQHandler                       0x0800025f   Thumb Code     0  startup_stm32f103xe.o(.text)
    PVD_IRQHandler                           0x0800025f   Thumb Code     0  startup_stm32f103xe.o(.text)
    RCC_IRQHandler                           0x0800025f   Thumb Code     0  startup_stm32f103xe.o(.text)
    RTC_Alarm_IRQHandler                     0x0800025f   Thumb Code     0  startup_stm32f103xe.o(.text)
    RTC_IRQHandler                           0x0800025f   Thumb Code     0  startup_stm32f103xe.o(.text)
    SDIO_IRQHandler                          0x0800025f   Thumb Code     0  startup_stm32f103xe.o(.text)
    SPI1_IRQHandler                          0x0800025f   Thumb Code     0  startup_stm32f103xe.o(.text)
    SPI2_IRQHandler                          0x0800025f   Thumb Code     0  startup_stm32f103xe.o(.text)
    SPI3_IRQHandler                          0x0800025f   Thumb Code     0  startup_stm32f103xe.o(.text)
    TAMPER_IRQHandler                        0x0800025f   Thumb Code     0  startup_stm32f103xe.o(.text)
    TIM1_BRK_IRQHandler                      0x0800025f   Thumb Code     0  startup_stm32f103xe.o(.text)
    TIM1_CC_IRQHandler                       0x0800025f   Thumb Code     0  startup_stm32f103xe.o(.text)
    TIM1_TRG_COM_IRQHandler                  0x0800025f   Thumb Code     0  startup_stm32f103xe.o(.text)
    TIM1_UP_IRQHandler                       0x0800025f   Thumb Code     0  startup_stm32f103xe.o(.text)
    TIM5_IRQHandler                          0x0800025f   Thumb Code     0  startup_stm32f103xe.o(.text)
    TIM6_IRQHandler                          0x0800025f   Thumb Code     0  startup_stm32f103xe.o(.text)
    TIM7_IRQHandler                          0x0800025f   Thumb Code     0  startup_stm32f103xe.o(.text)
    TIM8_BRK_IRQHandler                      0x0800025f   Thumb Code     0  startup_stm32f103xe.o(.text)
    TIM8_CC_IRQHandler                       0x0800025f   Thumb Code     0  startup_stm32f103xe.o(.text)
    TIM8_TRG_COM_IRQHandler                  0x0800025f   Thumb Code     0  startup_stm32f103xe.o(.text)
    TIM8_UP_IRQHandler                       0x0800025f   Thumb Code     0  startup_stm32f103xe.o(.text)
    UART4_IRQHandler                         0x0800025f   Thumb Code     0  startup_stm32f103xe.o(.text)
    UART5_IRQHandler                         0x0800025f   Thumb Code     0  startup_stm32f103xe.o(.text)
    USART2_IRQHandler                        0x0800025f   Thumb Code     0  startup_stm32f103xe.o(.text)
    USART3_IRQHandler                        0x0800025f   Thumb Code     0  startup_stm32f103xe.o(.text)
    USBWakeUp_IRQHandler                     0x0800025f   Thumb Code     0  startup_stm32f103xe.o(.text)
    USB_HP_CAN1_TX_IRQHandler                0x0800025f   Thumb Code     0  startup_stm32f103xe.o(.text)
    USB_LP_CAN1_RX0_IRQHandler               0x0800025f   Thumb Code     0  startup_stm32f103xe.o(.text)
    WWDG_IRQHandler                          0x0800025f   Thumb Code     0  startup_stm32f103xe.o(.text)
    __user_initial_stackheap                 0x08000261   Thumb Code     0  startup_stm32f103xe.o(.text)
    __use_no_semihosting                     0x08000285   Thumb Code     2  use_no_semi_2.o(.text)
    __2printf                                0x08000289   Thumb Code    20  noretval__2printf.o(.text)
    _printf_pre_padding                      0x080002a1   Thumb Code    44  _printf_pad.o(.text)
    _printf_post_padding                     0x080002cd   Thumb Code    34  _printf_pad.o(.text)
    _printf_str                              0x080002ef   Thumb Code    82  _printf_str.o(.text)
    _printf_int_dec                          0x08000341   Thumb Code   104  _printf_dec.o(.text)
    _printf_int_hex                          0x080003b9   Thumb Code    84  _printf_hex_int.o(.text)
    _printf_longlong_hex                     0x080003b9   Thumb Code     0  _printf_hex_int.o(.text)
    __printf                                 0x08000411   Thumb Code   388  __printf_flags_ss_wp.o(.text)
    __use_two_region_memory                  0x08000599   Thumb Code     2  heapauxi.o(.text)
    __rt_heap_escrow$2region                 0x0800059b   Thumb Code     2  heapauxi.o(.text)
    __rt_heap_expand$2region                 0x0800059d   Thumb Code     2  heapauxi.o(.text)
    __I$use$semihosting                      0x0800059f   Thumb Code     0  use_no_semi.o(.text)
    __use_no_semihosting_swi                 0x0800059f   Thumb Code     2  use_no_semi.o(.text)
    _printf_int_common                       0x080005a1   Thumb Code   178  _printf_intcommon.o(.text)
    __lib_sel_fp_printf                      0x08000653   Thumb Code     2  _printf_fp_dec.o(.text)
    _printf_fp_dec_real                      0x08000801   Thumb Code   620  _printf_fp_dec.o(.text)
    _printf_cs_common                        0x08000a6d   Thumb Code    20  _printf_char.o(.text)
    _printf_char                             0x08000a81   Thumb Code    16  _printf_char.o(.text)
    _printf_string                           0x08000a91   Thumb Code     8  _printf_char.o(.text)
    _printf_char_file                        0x08000a99   Thumb Code    32  _printf_char_file.o(.text)
    __rt_locale                              0x08000abd   Thumb Code     8  rt_locale_intlibspace.o(.text)
    _ll_udiv10                               0x08000ac5   Thumb Code   138  lludiv10.o(.text)
    _printf_char_common                      0x08000b5b   Thumb Code    32  _printf_char_common.o(.text)
    _printf_fp_infnan                        0x08000b81   Thumb Code   112  _printf_fp_infnan.o(.text)
    _btod_etento                             0x08000c01   Thumb Code   216  bigflt0.o(.text)
    ferror                                   0x08000cdd   Thumb Code     8  ferror.o(.text)
    __user_libspace                          0x08000ce5   Thumb Code     8  libspace.o(.text)
    __user_perproc_libspace                  0x08000ce5   Thumb Code     0  libspace.o(.text)
    __user_perthread_libspace                0x08000ce5   Thumb Code     0  libspace.o(.text)
    __user_setup_stackheap                   0x08000ced   Thumb Code    74  sys_stackheap_outer.o(.text)
    exit                                     0x08000d37   Thumb Code    12  exit.o(.text)
    strcmp                                   0x08000d45   Thumb Code   128  strcmpv7m.o(.text)
    _btod_d2e                                0x08000dc5   Thumb Code    62  btod.o(CL$$btod_d2e)
    _d2e_denorm_low                          0x08000e03   Thumb Code    70  btod.o(CL$$btod_d2e_denorm_low)
    _d2e_norm_op1                            0x08000e49   Thumb Code    96  btod.o(CL$$btod_d2e_norm_op1)
    __btod_div_common                        0x08000ea9   Thumb Code   696  btod.o(CL$$btod_div_common)
    _e2e                                     0x080011e1   Thumb Code   198  btod.o(CL$$btod_e2e)
    _btod_ediv                               0x080012a7   Thumb Code    40  btod.o(CL$$btod_ediv)
    _btod_emul                               0x080012cf   Thumb Code    40  btod.o(CL$$btod_emul)
    __btod_mult_common                       0x080012f7   Thumb Code   580  btod.o(CL$$btod_mult_common)
    BusFault_Handler                         0x0800153b   Thumb Code     4  stm32f1xx_it.o(i.BusFault_Handler)
    DebugMon_Handler                         0x0800153f   Thumb Code     2  stm32f1xx_it.o(i.DebugMon_Handler)
    HAL_DMA_Abort_IT                         0x08001541   Thumb Code   414  stm32f1xx_hal_dma.o(i.HAL_DMA_Abort_IT)
    HAL_GPIO_Init                            0x080016e9   Thumb Code   792  stm32f1xx_hal_gpio.o(i.HAL_GPIO_Init)
    HAL_GPIO_TogglePin                       0x08001a29   Thumb Code    14  stm32f1xx_hal_gpio.o(i.HAL_GPIO_TogglePin)
    HAL_GPIO_WritePin                        0x08001a37   Thumb Code    12  stm32f1xx_hal_gpio.o(i.HAL_GPIO_WritePin)
    HAL_GetTick                              0x08001a45   Thumb Code     6  stm32f1xx_hal.o(i.HAL_GetTick)
    HAL_IncTick                              0x08001a51   Thumb Code    16  stm32f1xx_hal.o(i.HAL_IncTick)
    HAL_Init                                 0x08001a69   Thumb Code    34  stm32f1xx_hal.o(i.HAL_Init)
    HAL_InitTick                             0x08001a91   Thumb Code    64  stm32f1xx_hal.o(i.HAL_InitTick)
    HAL_MspInit                              0x08001add   Thumb Code     2  stm32f1xx_hal_msp.o(i.HAL_MspInit)
    HAL_NVIC_EnableIRQ                       0x08001adf   Thumb Code    32  stm32f1xx_hal_cortex.o(i.HAL_NVIC_EnableIRQ)
    HAL_NVIC_SetPriority                     0x08001aff   Thumb Code   124  stm32f1xx_hal_cortex.o(i.HAL_NVIC_SetPriority)
    HAL_NVIC_SetPriorityGrouping             0x08001b7d   Thumb Code    32  stm32f1xx_hal_cortex.o(i.HAL_NVIC_SetPriorityGrouping)
    HAL_RCC_ClockConfig                      0x08001ba5   Thumb Code   376  stm32f1xx_hal_rcc.o(i.HAL_RCC_ClockConfig)
    HAL_RCC_GetHCLKFreq                      0x08001d31   Thumb Code     6  stm32f1xx_hal_rcc.o(i.HAL_RCC_GetHCLKFreq)
    HAL_RCC_GetPCLK1Freq                     0x08001d3d   Thumb Code    22  stm32f1xx_hal_rcc.o(i.HAL_RCC_GetPCLK1Freq)
    HAL_RCC_GetPCLK2Freq                     0x08001d5d   Thumb Code    22  stm32f1xx_hal_rcc.o(i.HAL_RCC_GetPCLK2Freq)
    HAL_RCC_GetSysClockFreq                  0x08001d7d   Thumb Code   116  stm32f1xx_hal_rcc.o(i.HAL_RCC_GetSysClockFreq)
    HAL_RCC_OscConfig                        0x08001e11   Thumb Code  1114  stm32f1xx_hal_rcc.o(i.HAL_RCC_OscConfig)
    HAL_SPI_TransmitReceive                  0x08002275   Thumb Code   750  stm32f1xx_hal_spi.o(i.HAL_SPI_TransmitReceive)
    HAL_SYSTICK_CLKSourceConfig              0x08002563   Thumb Code    40  stm32f1xx_hal_cortex.o(i.HAL_SYSTICK_CLKSourceConfig)
    HAL_SYSTICK_Callback                     0x0800258d   Thumb Code   276  wheelpwm.o(i.HAL_SYSTICK_Callback)
    HAL_SYSTICK_Config                       0x08002751   Thumb Code    52  stm32f1xx_hal_cortex.o(i.HAL_SYSTICK_Config)
    HAL_SYSTICK_IRQHandler                   0x08002785   Thumb Code     8  stm32f1xx_hal_cortex.o(i.HAL_SYSTICK_IRQHandler)
    HAL_TIMEx_BreakCallback                  0x0800278d   Thumb Code     2  stm32f1xx_hal_tim_ex.o(i.HAL_TIMEx_BreakCallback)
    HAL_TIMEx_CommutCallback                 0x0800278f   Thumb Code     2  stm32f1xx_hal_tim_ex.o(i.HAL_TIMEx_CommutCallback)
    HAL_TIM_Base_Init                        0x08002791   Thumb Code    52  stm32f1xx_hal_tim.o(i.HAL_TIM_Base_Init)
    HAL_TIM_Base_MspInit                     0x080027c5   Thumb Code     2  stm32f1xx_hal_tim.o(i.HAL_TIM_Base_MspInit)
    HAL_TIM_Base_Start_IT                    0x080027c7   Thumb Code    42  stm32f1xx_hal_tim.o(i.HAL_TIM_Base_Start_IT)
    HAL_TIM_IC_CaptureCallback               0x080027f1   Thumb Code    12  wheelpwm.o(i.HAL_TIM_IC_CaptureCallback)
    HAL_TIM_IC_ConfigChannel                 0x08002801   Thumb Code   224  stm32f1xx_hal_tim.o(i.HAL_TIM_IC_ConfigChannel)
    HAL_TIM_IC_Init                          0x080028e1   Thumb Code    52  stm32f1xx_hal_tim.o(i.HAL_TIM_IC_Init)
    HAL_TIM_IC_MspInit                       0x08002915   Thumb Code    96  wheelpwm.o(i.HAL_TIM_IC_MspInit)
    HAL_TIM_IC_Start_IT                      0x0800297d   Thumb Code   120  stm32f1xx_hal_tim.o(i.HAL_TIM_IC_Start_IT)
    HAL_TIM_IRQHandler                       0x080029f5   Thumb Code   406  stm32f1xx_hal_tim.o(i.HAL_TIM_IRQHandler)
    HAL_TIM_OC_ConfigChannel                 0x08002b8b   Thumb Code   116  stm32f1xx_hal_tim.o(i.HAL_TIM_OC_ConfigChannel)
    HAL_TIM_OC_DelayElapsedCallback          0x08002c01   Thumb Code    24  gimbalpulse.o(i.HAL_TIM_OC_DelayElapsedCallback)
    HAL_TIM_OC_Init                          0x08002c21   Thumb Code    52  stm32f1xx_hal_tim.o(i.HAL_TIM_OC_Init)
    HAL_TIM_OC_MspInit                       0x08002c55   Thumb Code    96  gimbalpulse.o(i.HAL_TIM_OC_MspInit)
    HAL_TIM_OC_Start_IT                      0x08002cc1   Thumb Code   156  stm32f1xx_hal_tim.o(i.HAL_TIM_OC_Start_IT)
    HAL_TIM_PWM_ConfigChannel                0x08002d65   Thumb Code   264  stm32f1xx_hal_tim.o(i.HAL_TIM_PWM_ConfigChannel)
    HAL_TIM_PWM_Init                         0x08002e6d   Thumb Code    52  stm32f1xx_hal_tim.o(i.HAL_TIM_PWM_Init)
    HAL_TIM_PWM_MspInit                      0x08002ea1   Thumb Code    96  wheelpwm.o(i.HAL_TIM_PWM_MspInit)
    HAL_TIM_PWM_PulseFinishedCallback        0x08002f0d   Thumb Code     2  stm32f1xx_hal_tim.o(i.HAL_TIM_PWM_PulseFinishedCallback)
    HAL_TIM_PWM_Start                        0x08002f11   Thumb Code    80  stm32f1xx_hal_tim.o(i.HAL_TIM_PWM_Start)
    HAL_TIM_PeriodElapsedCallback            0x08002f69   Thumb Code     2  stm32f1xx_hal_tim.o(i.HAL_TIM_PeriodElapsedCallback)
    HAL_TIM_TriggerCallback                  0x08002f6b   Thumb Code     2  stm32f1xx_hal_tim.o(i.HAL_TIM_TriggerCallback)
    HAL_UART_ErrorCallback                   0x08002f6d   Thumb Code     2  stm32f1xx_hal_uart.o(i.HAL_UART_ErrorCallback)
    HAL_UART_GetState                        0x08002f6f   Thumb Code    20  stm32f1xx_hal_uart.o(i.HAL_UART_GetState)
    HAL_UART_IRQHandler                      0x08002f85   Thumb Code   326  stm32f1xx_hal_uart.o(i.HAL_UART_IRQHandler)
    HAL_UART_Init                            0x080030d1   Thumb Code   114  stm32f1xx_hal_uart.o(i.HAL_UART_Init)
    HAL_UART_MspInit                         0x08003145   Thumb Code   156  usart.o(i.HAL_UART_MspInit)
    HAL_UART_Receive_IT                      0x080031ed   Thumb Code   112  stm32f1xx_hal_uart.o(i.HAL_UART_Receive_IT)
    HAL_UART_RxCpltCallback                  0x0800325d   Thumb Code   120  usart.o(i.HAL_UART_RxCpltCallback)
    HAL_UART_TxCpltCallback                  0x080032e5   Thumb Code     2  stm32f1xx_hal_uart.o(i.HAL_UART_TxCpltCallback)
    HardFault_Handler                        0x080032e7   Thumb Code     4  stm32f1xx_it.o(i.HardFault_Handler)
    IO2Init                                  0x080032ed   Thumb Code    70  wheelpwm.o(i.IO2Init)
    MemManage_Handler                        0x0800333d   Thumb Code     4  stm32f1xx_it.o(i.MemManage_Handler)
    NMI_Handler                              0x08003341   Thumb Code     2  stm32f1xx_it.o(i.NMI_Handler)
    PendSV_Handler                           0x08003343   Thumb Code     2  stm32f1xx_it.o(i.PendSV_Handler)
    SPI_ISCRCErrorValid                      0x08003395   Thumb Code     6  stm32f1xx_hal_spi.o(i.SPI_ISCRCErrorValid)
    SPI_ReadWriteByte                        0x0800339d   Thumb Code    32  spi.o(i.SPI_ReadWriteByte)
    SVC_Handler                              0x08003469   Thumb Code     2  stm32f1xx_it.o(i.SVC_Handler)
    Stm32_Clock_Init                         0x0800346b   Thumb Code    86  sys.o(i.Stm32_Clock_Init)
    SysTick_Handler                          0x080034c1   Thumb Code    12  stm32f1xx_it.o(i.SysTick_Handler)
    SystemInit                               0x080034cd   Thumb Code    70  system_stm32f1xx.o(i.SystemInit)
    TIM1_PWM_Init                            0x08003525   Thumb Code    68  wheelpwm.o(i.TIM1_PWM_Init)
    TIM2_CH3_Capture_Init                    0x08003579   Thumb Code    80  wheelpwm.o(i.TIM2_CH3_Capture_Init)
    TIM2_IRQHandler                          0x080035d1   Thumb Code    10  wheelpwm.o(i.TIM2_IRQHandler)
    TIM3_IRQHandler                          0x080035e1   Thumb Code    10  gimbalpulse.o(i.TIM3_IRQHandler)
    TIM3_Pulse_Init                          0x080035f1   Thumb Code    70  gimbalpulse.o(i.TIM3_Pulse_Init)
    TIM4_IRQHandler                          0x08003645   Thumb Code    58  usmart.o(i.TIM4_IRQHandler)
    TIM_Base_SetConfig                       0x08003689   Thumb Code   134  stm32f1xx_hal_tim.o(i.TIM_Base_SetConfig)
    TIM_CCxChannelCmd                        0x08003725   Thumb Code    34  stm32f1xx_hal_tim.o(i.TIM_CCxChannelCmd)
    TIM_OC2_SetConfig                        0x080037b9   Thumb Code   114  stm32f1xx_hal_tim.o(i.TIM_OC2_SetConfig)
    TIM_SetTIM1CH4CCR                        0x08003901   Thumb Code     6  wheelpwm.o(i.TIM_SetTIM1CH4CCR)
    TIM_TI1_SetConfig                        0x0800390d   Thumb Code   102  stm32f1xx_hal_tim.o(i.TIM_TI1_SetConfig)
    Timer4_Init                              0x08003a39   Thumb Code    80  usmart.o(i.Timer4_Init)
    USART1_IRQHandler                        0x08003d99   Thumb Code    56  usart.o(i.USART1_IRQHandler)
    UsageFault_Handler                       0x08003dd9   Thumb Code     4  stm32f1xx_it.o(i.UsageFault_Handler)
    __ARM_fpclassify                         0x08003ddd   Thumb Code    40  fpclassify.o(i.__ARM_fpclassify)
    _is_digit                                0x08003e3d   Thumb Code    14  __printf_wp.o(i._is_digit)
    _sys_exit                                0x08003e4b   Thumb Code     4  usart.o(i._sys_exit)
    changeFixedSpeed                         0x08003e51   Thumb Code     6  gimbalpulse.o(i.changeFixedSpeed)
    delay_init                               0x08003e5d   Thumb Code    16  delay.o(i.delay_init)
    delay_ms                                 0x08003e71   Thumb Code    24  delay.o(i.delay_ms)
    delay_us                                 0x08003e89   Thumb Code    68  delay.o(i.delay_us)
    fputc                                    0x08003ed1   Thumb Code    24  usart.o(i.fputc)
    gimbalPulseInit                          0x08003eed   Thumb Code    24  gimbalpulse.o(i.gimbalPulseInit)
    incPIDCalc                               0x08003f09   Thumb Code   148  wheelpwm.o(i.incPIDCalc)
    incPIDInit                               0x08003fa1   Thumb Code    48  wheelpwm.o(i.incPIDInit)
    main                                     0x08003fe9   Thumb Code    74  main.o(i.main)
    read_addr                                0x08004039   Thumb Code     6  usmart.o(i.read_addr)
    setDesiredPoint                          0x08004041   Thumb Code     6  wheelpwm.o(i.setDesiredPoint)
    testUsmart                               0x0800404d   Thumb Code    14  usart.o(i.testUsmart)
    tmc260SPITransmit                        0x08004065   Thumb Code    80  tmc260.o(i.tmc260SPITransmit)
    tmc260SetMicroStep                       0x080040c9   Thumb Code    42  tmc260.o(i.tmc260SetMicroStep)
    uart_init                                0x08004141   Thumb Code    44  usart.o(i.uart_init)
    usmart_cmd_rec                           0x08004179   Thumb Code   170  usmart.o(i.usmart_cmd_rec)
    usmart_exe                               0x08004229   Thumb Code   632  usmart.o(i.usmart_exe)
    usmart_get_aparm                         0x080044fd   Thumb Code   212  usmart_str.o(i.usmart_get_aparm)
    usmart_get_cmdname                       0x080045d1   Thumb Code    54  usmart_str.o(i.usmart_get_cmdname)
    usmart_get_fname                         0x08004609   Thumb Code   440  usmart_str.o(i.usmart_get_fname)
    usmart_get_fparam                        0x080047c9   Thumb Code   262  usmart_str.o(i.usmart_get_fparam)
    usmart_get_parmpos                       0x080048d5   Thumb Code    26  usmart_str.o(i.usmart_get_parmpos)
    usmart_get_runtime                       0x080048f5   Thumb Code    58  usmart.o(i.usmart_get_runtime)
    usmart_init                              0x08004939   Thumb Code    36  usmart.o(i.usmart_init)
    usmart_pow                               0x08004961   Thumb Code    22  usmart_str.o(i.usmart_pow)
    usmart_reset_runtime                     0x08004979   Thumb Code    44  usmart.o(i.usmart_reset_runtime)
    usmart_scan                              0x080049ad   Thumb Code   120  usmart.o(i.usmart_scan)
    usmart_search_nextc                      0x08004a69   Thumb Code    22  usmart_str.o(i.usmart_search_nextc)
    usmart_str2num                           0x08004a7f   Thumb Code   262  usmart_str.o(i.usmart_str2num)
    usmart_strcmp                            0x08004b85   Thumb Code    34  usmart_str.o(i.usmart_strcmp)
    usmart_strcopy                           0x08004ba7   Thumb Code    22  usmart_str.o(i.usmart_strcopy)
    usmart_strlen                            0x08004bbd   Thumb Code    24  usmart_str.o(i.usmart_strlen)
    usmart_sys_cmd_exe                       0x08004bd5   Thumb Code  1570  usmart.o(i.usmart_sys_cmd_exe)
    wheelPWMInit                             0x080052c9   Thumb Code    46  wheelpwm.o(i.wheelPWMInit)
    write_addr                               0x08005301   Thumb Code     4  usmart.o(i.write_addr)
    _get_lc_numeric                          0x08005305   Thumb Code    44  lc_numeric_c.o(locale$$code)
    __aeabi_dadd                             0x08005331   Thumb Code     0  daddsub_clz.o(x$fpl$dadd)
    _dadd                                    0x08005331   Thumb Code   332  daddsub_clz.o(x$fpl$dadd)
    __aeabi_ddiv                             0x08005481   Thumb Code     0  ddiv.o(x$fpl$ddiv)
    _ddiv                                    0x08005481   Thumb Code   552  ddiv.o(x$fpl$ddiv)
    __aeabi_d2iz                             0x08005731   Thumb Code     0  dfix.o(x$fpl$dfix)
    _dfix                                    0x08005731   Thumb Code    94  dfix.o(x$fpl$dfix)
    __aeabi_ui2d                             0x0800578f   Thumb Code     0  dflt_clz.o(x$fpl$dfltu)
    _dfltu                                   0x0800578f   Thumb Code    38  dflt_clz.o(x$fpl$dfltu)
    __aeabi_dmul                             0x080057b5   Thumb Code     0  dmul.o(x$fpl$dmul)
    _dmul                                    0x080057b5   Thumb Code   332  dmul.o(x$fpl$dmul)
    __fpl_dnaninf                            0x08005909   Thumb Code   156  dnaninf.o(x$fpl$dnaninf)
    __fpl_dretinf                            0x080059a5   Thumb Code    12  dretinf.o(x$fpl$dretinf)
    __aeabi_drsub                            0x080059b1   Thumb Code     0  daddsub_clz.o(x$fpl$drsb)
    _drsb                                    0x080059b1   Thumb Code    22  daddsub_clz.o(x$fpl$drsb)
    __aeabi_dsub                             0x080059c9   Thumb Code     0  daddsub_clz.o(x$fpl$dsub)
    _dsub                                    0x080059c9   Thumb Code   464  daddsub_clz.o(x$fpl$dsub)
    _printf_fp_dec                           0x08005b9d   Thumb Code     4  printf1.o(x$fpl$printf1)
    AHBPrescTable                            0x08005ba0   Data          16  system_stm32f1xx.o(.constdata)
    __I$use$fp                               0x08005ba0   Number         0  usenofp.o(x$fpl$usenofp)
    APBPrescTable                            0x08005bb0   Data           8  system_stm32f1xx.o(.constdata)
    Region$$Table$$Base                      0x08005dc8   Number         0  anon$$obj.o(Region$$Table)
    Region$$Table$$Limit                     0x08005de8   Number         0  anon$$obj.o(Region$$Table)
    SystemCoreClock                          0x20000000   Data           4  system_stm32f1xx.o(.data)
    uwTick                                   0x20000004   Data           4  stm32f1xx_hal.o(.data)
    uwTickPrio                               0x20000008   Data           4  stm32f1xx_hal.o(.data)
    uwTickFreq                               0x2000000c   Data           1  stm32f1xx_hal.o(.data)
    __stdout                                 0x20000014   Data           4  usart.o(.data)
    USART_RX_STA                             0x20000018   Data           2  usart.o(.data)
    aRxBuffer                                0x2000001a   Data           1  usart.o(.data)
    captureNum                               0x2000001c   Data           4  wheelpwm.o(.data)
    startFlag                                0x20000020   Data           1  wheelpwm.o(.data)
    timeNum                                  0x20000021   Data           1  wheelpwm.o(.data)
    tempCount                                0x20000022   Data           1  wheelpwm.o(.data)
    para                                     0x20000024   Data           4  wheelpwm.o(.data)
    CCRVal                                   0x20000028   Data           4  wheelpwm.o(.data)
    TogglePulse                              0x2000002c   Data           2  gimbalpulse.o(.data)
    accel100Table                            0x2000002e   Data          74  gimbalpulse.o(.data)
    accel50Table                             0x20000078   Data         146  gimbalpulse.o(.data)
    accel20Table                             0x2000010a   Data         366  gimbalpulse.o(.data)
    tableIndex                               0x20000278   Data           1  gimbalpulse.o(.data)
    sum                                      0x2000027c   Data           4  gimbalpulse.o(.data)
    flag                                     0x20000280   Data           1  gimbalpulse.o(.data)
    sys_cmd_tab                              0x20000284   Data          28  usmart.o(.data)
    usmart_nametab                           0x200002a0   Data          72  usmart_config.o(.data)
    usmart_dev                               0x200002e8   Data         244  usmart_config.o(.data)
    USART_RX_BUF                             0x200003dc   Data         200  usart.o(.bss)
    UART1_Handler                            0x200004a4   Data          64  usart.o(.bss)
    SPI_Handler                              0x200004e4   Data          88  spi.o(.bss)
    TIM1_Handler                             0x20000540   Data          64  wheelpwm.o(.bss)
    TIM1_CH_Handler                          0x20000580   Data          28  wheelpwm.o(.bss)
    TIM2_Handler                             0x2000059c   Data          64  wheelpwm.o(.bss)
    TIM2_CH_Handler                          0x200005dc   Data          16  wheelpwm.o(.bss)
    sptr                                     0x200005f0   Data          48  wheelpwm.o(.bss)
    TIM3_Handler                             0x20000620   Data          64  gimbalpulse.o(.bss)
    TIM3_CH_Handler                          0x20000660   Data          28  gimbalpulse.o(.bss)
    lrd                                      0x2000067c   Data          20  gimbalpulse.o(.bss)
    TIM4_Handler                             0x20000690   Data          64  usmart.o(.bss)
    __libspace_start                         0x200006d0   Data          96  libspace.o(.bss)
    __temporary_stack_top$libspace           0x20000730   Data           0  libspace.o(.bss)



==============================================================================

Memory Map of the image

  Image Entry point : 0x08000131

  Load Region LR_IROM1 (Base: 0x08000000, Size: 0x000061e0, Max: 0x00020000, ABSOLUTE, COMPRESSED[0x000060a4])

    Execution Region ER_IROM1 (Base: 0x08000000, Size: 0x00005e04, Max: 0x00020000, ABSOLUTE)

    Base Addr    Size         Type   Attr      Idx    E Section Name        Object

    0x08000000   0x00000130   Data   RO          468    RESET               startup_stm32f103xe.o
    0x08000130   0x00000008   Code   RO         3889  * !!!main             c_w.l(__main.o)
    0x08000138   0x00000034   Code   RO         4134    !!!scatter          c_w.l(__scatter.o)
    0x0800016c   0x0000005a   Code   RO         4132    !!dczerorl2         c_w.l(__dczerorl2.o)
    0x080001c6   0x00000002   PAD
    0x080001c8   0x0000001c   Code   RO         4136    !!handler_zi        c_w.l(__scatter_zi.o)
    0x080001e4   0x00000000   Code   RO         3886    .ARM.Collect$$_printf_percent$$00000000  c_w.l(_printf_percent.o)
    0x080001e4   0x00000006   Code   RO         3885    .ARM.Collect$$_printf_percent$$00000003  c_w.l(_printf_f.o)
    0x080001ea   0x00000006   Code   RO         3883    .ARM.Collect$$_printf_percent$$00000009  c_w.l(_printf_d.o)
    0x080001f0   0x00000006   Code   RO         3884    .ARM.Collect$$_printf_percent$$0000000A  c_w.l(_printf_u.o)
    0x080001f6   0x00000006   Code   RO         3882    .ARM.Collect$$_printf_percent$$0000000C  c_w.l(_printf_x.o)
    0x080001fc   0x00000006   Code   RO         3880    .ARM.Collect$$_printf_percent$$00000013  c_w.l(_printf_c.o)
    0x08000202   0x00000006   Code   RO         3881    .ARM.Collect$$_printf_percent$$00000014  c_w.l(_printf_s.o)
    0x08000208   0x00000004   Code   RO         3926    .ARM.Collect$$_printf_percent$$00000017  c_w.l(_printf_percent_end.o)
    0x0800020c   0x00000002   Code   RO         4010    .ARM.Collect$$libinit$$00000000  c_w.l(libinit.o)
    0x0800020e   0x00000000   Code   RO         4012    .ARM.Collect$$libinit$$00000002  c_w.l(libinit2.o)
    0x0800020e   0x00000000   Code   RO         4014    .ARM.Collect$$libinit$$00000004  c_w.l(libinit2.o)
    0x0800020e   0x00000000   Code   RO         4017    .ARM.Collect$$libinit$$0000000A  c_w.l(libinit2.o)
    0x0800020e   0x00000000   Code   RO         4019    .ARM.Collect$$libinit$$0000000C  c_w.l(libinit2.o)
    0x0800020e   0x00000000   Code   RO         4021    .ARM.Collect$$libinit$$0000000E  c_w.l(libinit2.o)
    0x0800020e   0x00000006   Code   RO         4022    .ARM.Collect$$libinit$$0000000F  c_w.l(libinit2.o)
    0x08000214   0x00000000   Code   RO         4024    .ARM.Collect$$libinit$$00000011  c_w.l(libinit2.o)
    0x08000214   0x00000000   Code   RO         4026    .ARM.Collect$$libinit$$00000013  c_w.l(libinit2.o)
    0x08000214   0x00000000   Code   RO         4028    .ARM.Collect$$libinit$$00000015  c_w.l(libinit2.o)
    0x08000214   0x0000000a   Code   RO         4029    .ARM.Collect$$libinit$$00000016  c_w.l(libinit2.o)
    0x0800021e   0x00000000   Code   RO         4030    .ARM.Collect$$libinit$$00000017  c_w.l(libinit2.o)
    0x0800021e   0x00000000   Code   RO         4032    .ARM.Collect$$libinit$$00000019  c_w.l(libinit2.o)
    0x0800021e   0x00000000   Code   RO         4034    .ARM.Collect$$libinit$$0000001B  c_w.l(libinit2.o)
    0x0800021e   0x00000000   Code   RO         4036    .ARM.Collect$$libinit$$0000001D  c_w.l(libinit2.o)
    0x0800021e   0x00000000   Code   RO         4038    .ARM.Collect$$libinit$$0000001F  c_w.l(libinit2.o)
    0x0800021e   0x00000000   Code   RO         4040    .ARM.Collect$$libinit$$00000021  c_w.l(libinit2.o)
    0x0800021e   0x00000000   Code   RO         4042    .ARM.Collect$$libinit$$00000023  c_w.l(libinit2.o)
    0x0800021e   0x00000000   Code   RO         4044    .ARM.Collect$$libinit$$00000025  c_w.l(libinit2.o)
    0x0800021e   0x00000000   Code   RO         4048    .ARM.Collect$$libinit$$0000002C  c_w.l(libinit2.o)
    0x0800021e   0x00000000   Code   RO         4050    .ARM.Collect$$libinit$$0000002E  c_w.l(libinit2.o)
    0x0800021e   0x00000000   Code   RO         4052    .ARM.Collect$$libinit$$00000030  c_w.l(libinit2.o)
    0x0800021e   0x00000000   Code   RO         4054    .ARM.Collect$$libinit$$00000032  c_w.l(libinit2.o)
    0x0800021e   0x00000002   Code   RO         4055    .ARM.Collect$$libinit$$00000033  c_w.l(libinit2.o)
    0x08000220   0x00000002   Code   RO         4083    .ARM.Collect$$libshutdown$$00000000  c_w.l(libshutdown.o)
    0x08000222   0x00000000   Code   RO         4093    .ARM.Collect$$libshutdown$$00000003  c_w.l(libshutdown2.o)
    0x08000222   0x00000000   Code   RO         4096    .ARM.Collect$$libshutdown$$00000006  c_w.l(libshutdown2.o)
    0x08000222   0x00000000   Code   RO         4099    .ARM.Collect$$libshutdown$$00000009  c_w.l(libshutdown2.o)
    0x08000222   0x00000000   Code   RO         4101    .ARM.Collect$$libshutdown$$0000000B  c_w.l(libshutdown2.o)
    0x08000222   0x00000000   Code   RO         4104    .ARM.Collect$$libshutdown$$0000000E  c_w.l(libshutdown2.o)
    0x08000222   0x00000002   Code   RO         4105    .ARM.Collect$$libshutdown$$0000000F  c_w.l(libshutdown2.o)
    0x08000224   0x00000000   Code   RO         3917    .ARM.Collect$$rtentry$$00000000  c_w.l(__rtentry.o)
    0x08000224   0x00000000   Code   RO         3933    .ARM.Collect$$rtentry$$00000002  c_w.l(__rtentry2.o)
    0x08000224   0x00000006   Code   RO         3945    .ARM.Collect$$rtentry$$00000004  c_w.l(__rtentry4.o)
    0x0800022a   0x00000000   Code   RO         3935    .ARM.Collect$$rtentry$$00000009  c_w.l(__rtentry2.o)
    0x0800022a   0x00000004   Code   RO         3936    .ARM.Collect$$rtentry$$0000000A  c_w.l(__rtentry2.o)
    0x0800022e   0x00000000   Code   RO         3938    .ARM.Collect$$rtentry$$0000000C  c_w.l(__rtentry2.o)
    0x0800022e   0x00000008   Code   RO         3939    .ARM.Collect$$rtentry$$0000000D  c_w.l(__rtentry2.o)
    0x08000236   0x00000002   Code   RO         4056    .ARM.Collect$$rtexit$$00000000  c_w.l(rtexit.o)
    0x08000238   0x00000000   Code   RO         4063    .ARM.Collect$$rtexit$$00000002  c_w.l(rtexit2.o)
    0x08000238   0x00000004   Code   RO         4064    .ARM.Collect$$rtexit$$00000003  c_w.l(rtexit2.o)
    0x0800023c   0x00000006   Code   RO         4065    .ARM.Collect$$rtexit$$00000004  c_w.l(rtexit2.o)
    0x08000242   0x00000002   PAD
    0x08000244   0x00000040   Code   RO          469    .text               startup_stm32f103xe.o
    0x08000284   0x00000002   Code   RO         3825    .text               c_w.l(use_no_semi_2.o)
    0x08000286   0x00000002   PAD
    0x08000288   0x00000018   Code   RO         3829    .text               c_w.l(noretval__2printf.o)
    0x080002a0   0x0000004e   Code   RO         3833    .text               c_w.l(_printf_pad.o)
    0x080002ee   0x00000052   Code   RO         3835    .text               c_w.l(_printf_str.o)
    0x08000340   0x00000078   Code   RO         3837    .text               c_w.l(_printf_dec.o)
    0x080003b8   0x00000058   Code   RO         3842    .text               c_w.l(_printf_hex_int.o)
    0x08000410   0x00000188   Code   RO         3877    .text               c_w.l(__printf_flags_ss_wp.o)
    0x08000598   0x00000006   Code   RO         3887    .text               c_w.l(heapauxi.o)
    0x0800059e   0x00000002   Code   RO         3915    .text               c_w.l(use_no_semi.o)
    0x080005a0   0x000000b2   Code   RO         3918    .text               c_w.l(_printf_intcommon.o)
    0x08000652   0x0000041a   Code   RO         3920    .text               c_w.l(_printf_fp_dec.o)
    0x08000a6c   0x0000002c   Code   RO         3922    .text               c_w.l(_printf_char.o)
    0x08000a98   0x00000024   Code   RO         3924    .text               c_w.l(_printf_char_file.o)
    0x08000abc   0x00000008   Code   RO         3950    .text               c_w.l(rt_locale_intlibspace.o)
    0x08000ac4   0x0000008a   Code   RO         3952    .text               c_w.l(lludiv10.o)
    0x08000b4e   0x00000002   PAD
    0x08000b50   0x00000030   Code   RO         3954    .text               c_w.l(_printf_char_common.o)
    0x08000b80   0x00000080   Code   RO         3956    .text               c_w.l(_printf_fp_infnan.o)
    0x08000c00   0x000000dc   Code   RO         3958    .text               c_w.l(bigflt0.o)
    0x08000cdc   0x00000008   Code   RO         3983    .text               c_w.l(ferror.o)
    0x08000ce4   0x00000008   Code   RO         3994    .text               c_w.l(libspace.o)
    0x08000cec   0x0000004a   Code   RO         3997    .text               c_w.l(sys_stackheap_outer.o)
    0x08000d36   0x0000000c   Code   RO         4001    .text               c_w.l(exit.o)
    0x08000d42   0x00000002   PAD
    0x08000d44   0x00000080   Code   RO         4003    .text               c_w.l(strcmpv7m.o)
    0x08000dc4   0x0000003e   Code   RO         3961    CL$$btod_d2e        c_w.l(btod.o)
    0x08000e02   0x00000046   Code   RO         3963    CL$$btod_d2e_denorm_low  c_w.l(btod.o)
    0x08000e48   0x00000060   Code   RO         3962    CL$$btod_d2e_norm_op1  c_w.l(btod.o)
    0x08000ea8   0x00000338   Code   RO         3971    CL$$btod_div_common  c_w.l(btod.o)
    0x080011e0   0x000000c6   Code   RO         3968    CL$$btod_e2e        c_w.l(btod.o)
    0x080012a6   0x00000028   Code   RO         3965    CL$$btod_ediv       c_w.l(btod.o)
    0x080012ce   0x00000028   Code   RO         3964    CL$$btod_emul       c_w.l(btod.o)
    0x080012f6   0x00000244   Code   RO         3970    CL$$btod_mult_common  c_w.l(btod.o)
    0x0800153a   0x00000004   Code   RO          275    i.BusFault_Handler  stm32f1xx_it.o
    0x0800153e   0x00000002   Code   RO          276    i.DebugMon_Handler  stm32f1xx_it.o
    0x08001540   0x000001a8   Code   RO          774    i.HAL_DMA_Abort_IT  stm32f1xx_hal_dma.o
    0x080016e8   0x00000340   Code   RO          870    i.HAL_GPIO_Init     stm32f1xx_hal_gpio.o
    0x08001a28   0x0000000e   Code   RO          873    i.HAL_GPIO_TogglePin  stm32f1xx_hal_gpio.o
    0x08001a36   0x0000000c   Code   RO          874    i.HAL_GPIO_WritePin  stm32f1xx_hal_gpio.o
    0x08001a42   0x00000002   PAD
    0x08001a44   0x0000000c   Code   RO          487    i.HAL_GetTick       stm32f1xx_hal.o
    0x08001a50   0x00000018   Code   RO          493    i.HAL_IncTick       stm32f1xx_hal.o
    0x08001a68   0x00000028   Code   RO          494    i.HAL_Init          stm32f1xx_hal.o
    0x08001a90   0x0000004c   Code   RO          495    i.HAL_InitTick      stm32f1xx_hal.o
    0x08001adc   0x00000002   Code   RO          243    i.HAL_MspInit       stm32f1xx_hal_msp.o
    0x08001ade   0x00000020   Code   RO          652    i.HAL_NVIC_EnableIRQ  stm32f1xx_hal_cortex.o
    0x08001afe   0x0000007c   Code   RO          658    i.HAL_NVIC_SetPriority  stm32f1xx_hal_cortex.o
    0x08001b7a   0x00000002   PAD
    0x08001b7c   0x00000028   Code   RO          659    i.HAL_NVIC_SetPriorityGrouping  stm32f1xx_hal_cortex.o
    0x08001ba4   0x0000018c   Code   RO         1095    i.HAL_RCC_ClockConfig  stm32f1xx_hal_rcc.o
    0x08001d30   0x0000000c   Code   RO         1100    i.HAL_RCC_GetHCLKFreq  stm32f1xx_hal_rcc.o
    0x08001d3c   0x00000020   Code   RO         1102    i.HAL_RCC_GetPCLK1Freq  stm32f1xx_hal_rcc.o
    0x08001d5c   0x00000020   Code   RO         1103    i.HAL_RCC_GetPCLK2Freq  stm32f1xx_hal_rcc.o
    0x08001d7c   0x00000094   Code   RO         1104    i.HAL_RCC_GetSysClockFreq  stm32f1xx_hal_rcc.o
    0x08001e10   0x00000464   Code   RO         1107    i.HAL_RCC_OscConfig  stm32f1xx_hal_rcc.o
    0x08002274   0x000002ee   Code   RO         1854    i.HAL_SPI_TransmitReceive  stm32f1xx_hal_spi.o
    0x08002562   0x00000028   Code   RO          661    i.HAL_SYSTICK_CLKSourceConfig  stm32f1xx_hal_cortex.o
    0x0800258a   0x00000002   PAD
    0x0800258c   0x000001c4   Code   RO         3450    i.HAL_SYSTICK_Callback  wheelpwm.o
    0x08002750   0x00000034   Code   RO          663    i.HAL_SYSTICK_Config  stm32f1xx_hal_cortex.o
    0x08002784   0x00000008   Code   RO          664    i.HAL_SYSTICK_IRQHandler  stm32f1xx_hal_cortex.o
    0x0800278c   0x00000002   Code   RO         2942    i.HAL_TIMEx_BreakCallback  stm32f1xx_hal_tim_ex.o
    0x0800278e   0x00000002   Code   RO         2943    i.HAL_TIMEx_CommutCallback  stm32f1xx_hal_tim_ex.o
    0x08002790   0x00000034   Code   RO         2184    i.HAL_TIM_Base_Init  stm32f1xx_hal_tim.o
    0x080027c4   0x00000002   Code   RO         2186    i.HAL_TIM_Base_MspInit  stm32f1xx_hal_tim.o
    0x080027c6   0x0000002a   Code   RO         2189    i.HAL_TIM_Base_Start_IT  stm32f1xx_hal_tim.o
    0x080027f0   0x00000010   Code   RO         3451    i.HAL_TIM_IC_CaptureCallback  wheelpwm.o
    0x08002800   0x000000e0   Code   RO         2215    i.HAL_TIM_IC_ConfigChannel  stm32f1xx_hal_tim.o
    0x080028e0   0x00000034   Code   RO         2218    i.HAL_TIM_IC_Init   stm32f1xx_hal_tim.o
    0x08002914   0x00000068   Code   RO         3452    i.HAL_TIM_IC_MspInit  wheelpwm.o
    0x0800297c   0x00000078   Code   RO         2223    i.HAL_TIM_IC_Start_IT  stm32f1xx_hal_tim.o
    0x080029f4   0x00000196   Code   RO         2227    i.HAL_TIM_IRQHandler  stm32f1xx_hal_tim.o
    0x08002b8a   0x00000074   Code   RO         2228    i.HAL_TIM_OC_ConfigChannel  stm32f1xx_hal_tim.o
    0x08002bfe   0x00000002   PAD
    0x08002c00   0x00000020   Code   RO         3557    i.HAL_TIM_OC_DelayElapsedCallback  gimbalpulse.o
    0x08002c20   0x00000034   Code   RO         2232    i.HAL_TIM_OC_Init   stm32f1xx_hal_tim.o
    0x08002c54   0x0000006c   Code   RO         3558    i.HAL_TIM_OC_MspInit  gimbalpulse.o
    0x08002cc0   0x000000a4   Code   RO         2237    i.HAL_TIM_OC_Start_IT  stm32f1xx_hal_tim.o
    0x08002d64   0x00000108   Code   RO         2251    i.HAL_TIM_PWM_ConfigChannel  stm32f1xx_hal_tim.o
    0x08002e6c   0x00000034   Code   RO         2254    i.HAL_TIM_PWM_Init  stm32f1xx_hal_tim.o
    0x08002ea0   0x0000006c   Code   RO         3453    i.HAL_TIM_PWM_MspInit  wheelpwm.o
    0x08002f0c   0x00000002   Code   RO         2257    i.HAL_TIM_PWM_PulseFinishedCallback  stm32f1xx_hal_tim.o
    0x08002f0e   0x00000002   PAD
    0x08002f10   0x00000058   Code   RO         2259    i.HAL_TIM_PWM_Start  stm32f1xx_hal_tim.o
    0x08002f68   0x00000002   Code   RO         2265    i.HAL_TIM_PeriodElapsedCallback  stm32f1xx_hal_tim.o
    0x08002f6a   0x00000002   Code   RO         2270    i.HAL_TIM_TriggerCallback  stm32f1xx_hal_tim.o
    0x08002f6c   0x00000002   Code   RO         1258    i.HAL_UART_ErrorCallback  stm32f1xx_hal_uart.o
    0x08002f6e   0x00000014   Code   RO         1260    i.HAL_UART_GetState  stm32f1xx_hal_uart.o
    0x08002f82   0x00000002   PAD
    0x08002f84   0x0000014c   Code   RO         1261    i.HAL_UART_IRQHandler  stm32f1xx_hal_uart.o
    0x080030d0   0x00000072   Code   RO         1262    i.HAL_UART_Init     stm32f1xx_hal_uart.o
    0x08003142   0x00000002   PAD
    0x08003144   0x000000a8   Code   RO         3277    i.HAL_UART_MspInit  usart.o
    0x080031ec   0x00000070   Code   RO         1267    i.HAL_UART_Receive_IT  stm32f1xx_hal_uart.o
    0x0800325c   0x00000088   Code   RO         3278    i.HAL_UART_RxCpltCallback  usart.o
    0x080032e4   0x00000002   Code   RO         1273    i.HAL_UART_TxCpltCallback  stm32f1xx_hal_uart.o
    0x080032e6   0x00000004   Code   RO          277    i.HardFault_Handler  stm32f1xx_it.o
    0x080032ea   0x00000002   PAD
    0x080032ec   0x00000050   Code   RO         3454    i.IO2Init           wheelpwm.o
    0x0800333c   0x00000004   Code   RO          278    i.MemManage_Handler  stm32f1xx_it.o
    0x08003340   0x00000002   Code   RO          279    i.NMI_Handler       stm32f1xx_it.o
    0x08003342   0x00000002   Code   RO          280    i.PendSV_Handler    stm32f1xx_it.o
    0x08003344   0x00000028   Code   RO         1108    i.RCC_Delay         stm32f1xx_hal_rcc.o
    0x0800336c   0x00000028   Code   RO         1885    i.SPI_EndRxTxTransaction  stm32f1xx_hal_spi.o
    0x08003394   0x00000006   Code   RO         1886    i.SPI_ISCRCErrorValid  stm32f1xx_hal_spi.o
    0x0800339a   0x00000002   PAD
    0x0800339c   0x00000024   Code   RO         3350    i.SPI_ReadWriteByte  spi.o
    0x080033c0   0x000000a8   Code   RO         1893    i.SPI_WaitFlagStateUntilTimeout  stm32f1xx_hal_spi.o
    0x08003468   0x00000002   Code   RO          281    i.SVC_Handler       stm32f1xx_it.o
    0x0800346a   0x00000056   Code   RO         3234    i.Stm32_Clock_Init  sys.o
    0x080034c0   0x0000000c   Code   RO          282    i.SysTick_Handler   stm32f1xx_it.o
    0x080034cc   0x00000058   Code   RO          351    i.SystemInit        system_stm32f1xx.o
    0x08003524   0x00000054   Code   RO         3455    i.TIM1_PWM_Init     wheelpwm.o
    0x08003578   0x00000058   Code   RO         3456    i.TIM2_CH3_Capture_Init  wheelpwm.o
    0x080035d0   0x00000010   Code   RO         3457    i.TIM2_IRQHandler   wheelpwm.o
    0x080035e0   0x00000010   Code   RO         3559    i.TIM3_IRQHandler   gimbalpulse.o
    0x080035f0   0x00000054   Code   RO         3560    i.TIM3_Pulse_Init   gimbalpulse.o
    0x08003644   0x00000044   Code   RO         3628    i.TIM4_IRQHandler   usmart.o
    0x08003688   0x0000009c   Code   RO         2272    i.TIM_Base_SetConfig  stm32f1xx_hal_tim.o
    0x08003724   0x00000022   Code   RO         2273    i.TIM_CCxChannelCmd  stm32f1xx_hal_tim.o
    0x08003746   0x00000002   PAD
    0x08003748   0x00000070   Code   RO         2285    i.TIM_OC1_SetConfig  stm32f1xx_hal_tim.o
    0x080037b8   0x0000007c   Code   RO         2286    i.TIM_OC2_SetConfig  stm32f1xx_hal_tim.o
    0x08003834   0x00000078   Code   RO         2287    i.TIM_OC3_SetConfig  stm32f1xx_hal_tim.o
    0x080038ac   0x00000054   Code   RO         2288    i.TIM_OC4_SetConfig  stm32f1xx_hal_tim.o
    0x08003900   0x0000000c   Code   RO         3458    i.TIM_SetTIM1CH4CCR  wheelpwm.o
    0x0800390c   0x0000007c   Code   RO         2291    i.TIM_TI1_SetConfig  stm32f1xx_hal_tim.o
    0x08003988   0x0000003a   Code   RO         2293    i.TIM_TI2_SetConfig  stm32f1xx_hal_tim.o
    0x080039c2   0x00000038   Code   RO         2294    i.TIM_TI3_SetConfig  stm32f1xx_hal_tim.o
    0x080039fa   0x0000003c   Code   RO         2295    i.TIM_TI4_SetConfig  stm32f1xx_hal_tim.o
    0x08003a36   0x00000002   PAD
    0x08003a38   0x0000005c   Code   RO         3629    i.Timer4_Init       usmart.o
    0x08003a94   0x00000014   Code   RO         1275    i.UART_DMAAbortOnError  stm32f1xx_hal_uart.o
    0x08003aa8   0x00000020   Code   RO         1285    i.UART_EndRxTransfer  stm32f1xx_hal_uart.o
    0x08003ac8   0x00000020   Code   RO         1286    i.UART_EndTransmit_IT  stm32f1xx_hal_uart.o
    0x08003ae8   0x000000a6   Code   RO         1288    i.UART_Receive_IT   stm32f1xx_hal_uart.o
    0x08003b8e   0x00000002   PAD
    0x08003b90   0x000001a0   Code   RO         1289    i.UART_SetConfig    stm32f1xx_hal_uart.o
    0x08003d30   0x00000068   Code   RO         1290    i.UART_Transmit_IT  stm32f1xx_hal_uart.o
    0x08003d98   0x00000040   Code   RO         3279    i.USART1_IRQHandler  usart.o
    0x08003dd8   0x00000004   Code   RO          283    i.UsageFault_Handler  stm32f1xx_it.o
    0x08003ddc   0x00000028   Code   RO         3992    i.__ARM_fpclassify  m_ws.l(fpclassify.o)
    0x08003e04   0x00000010   Code   RO          665    i.__NVIC_GetPriorityGrouping  stm32f1xx_hal_cortex.o
    0x08003e14   0x00000028   Code   RO          666    i.__NVIC_SetPriority  stm32f1xx_hal_cortex.o
    0x08003e3c   0x0000000e   Code   RO         3870    i._is_digit         c_w.l(__printf_wp.o)
    0x08003e4a   0x00000004   Code   RO         3280    i._sys_exit         usart.o
    0x08003e4e   0x00000002   PAD
    0x08003e50   0x0000000c   Code   RO         3562    i.changeFixedSpeed  gimbalpulse.o
    0x08003e5c   0x00000014   Code   RO         3193    i.delay_init        delay.o
    0x08003e70   0x00000018   Code   RO         3194    i.delay_ms          delay.o
    0x08003e88   0x00000048   Code   RO         3195    i.delay_us          delay.o
    0x08003ed0   0x0000001c   Code   RO         3281    i.fputc             usart.o
    0x08003eec   0x0000001c   Code   RO         3563    i.gimbalPulseInit   gimbalpulse.o
    0x08003f08   0x00000098   Code   RO         3459    i.incPIDCalc        wheelpwm.o
    0x08003fa0   0x00000048   Code   RO         3460    i.incPIDInit        wheelpwm.o
    0x08003fe8   0x00000050   Code   RO            4    i.main              main.o
    0x08004038   0x00000006   Code   RO         3630    i.read_addr         usmart.o
    0x0800403e   0x00000002   PAD
    0x08004040   0x0000000c   Code   RO         3461    i.setDesiredPoint   wheelpwm.o
    0x0800404c   0x00000018   Code   RO         3282    i.testUsmart        usart.o
    0x08004064   0x00000064   Code   RO         3399    i.tmc260SPITransmit  tmc260.o
    0x080040c8   0x00000078   Code   RO         3401    i.tmc260SetMicroStep  tmc260.o
    0x08004140   0x00000038   Code   RO         3283    i.uart_init         usart.o
    0x08004178   0x000000b0   Code   RO         3631    i.usmart_cmd_rec    usmart.o
    0x08004228   0x000002d4   Code   RO         3632    i.usmart_exe        usmart.o
    0x080044fc   0x000000d4   Code   RO         3742    i.usmart_get_aparm  usmart_str.o
    0x080045d0   0x00000036   Code   RO         3743    i.usmart_get_cmdname  usmart_str.o
    0x08004606   0x00000002   PAD
    0x08004608   0x000001c0   Code   RO         3744    i.usmart_get_fname  usmart_str.o
    0x080047c8   0x0000010c   Code   RO         3745    i.usmart_get_fparam  usmart_str.o
    0x080048d4   0x00000020   Code   RO         3746    i.usmart_get_parmpos  usmart_str.o
    0x080048f4   0x00000044   Code   RO         3633    i.usmart_get_runtime  usmart.o
    0x08004938   0x00000028   Code   RO         3634    i.usmart_init       usmart.o
    0x08004960   0x00000016   Code   RO         3747    i.usmart_pow        usmart_str.o
    0x08004976   0x00000002   PAD
    0x08004978   0x00000034   Code   RO         3635    i.usmart_reset_runtime  usmart.o
    0x080049ac   0x000000bc   Code   RO         3636    i.usmart_scan       usmart.o
    0x08004a68   0x00000016   Code   RO         3748    i.usmart_search_nextc  usmart_str.o
    0x08004a7e   0x00000106   Code   RO         3749    i.usmart_str2num    usmart_str.o
    0x08004b84   0x00000022   Code   RO         3750    i.usmart_strcmp     usmart_str.o
    0x08004ba6   0x00000016   Code   RO         3751    i.usmart_strcopy    usmart_str.o
    0x08004bbc   0x00000018   Code   RO         3752    i.usmart_strlen     usmart_str.o
    0x08004bd4   0x000006f4   Code   RO         3637    i.usmart_sys_cmd_exe  usmart.o
    0x080052c8   0x00000038   Code   RO         3462    i.wheelPWMInit      wheelpwm.o
    0x08005300   0x00000004   Code   RO         3638    i.write_addr        usmart.o
    0x08005304   0x0000002c   Code   RO         3988    locale$$code        c_w.l(lc_numeric_c.o)
    0x08005330   0x00000150   Code   RO         3891    x$fpl$dadd          fz_ws.l(daddsub_clz.o)
    0x08005480   0x000002b0   Code   RO         3898    x$fpl$ddiv          fz_ws.l(ddiv.o)
    0x08005730   0x0000005e   Code   RO         3901    x$fpl$dfix          fz_ws.l(dfix.o)
    0x0800578e   0x00000026   Code   RO         3905    x$fpl$dfltu         fz_ws.l(dflt_clz.o)
    0x080057b4   0x00000154   Code   RO         3911    x$fpl$dmul          fz_ws.l(dmul.o)
    0x08005908   0x0000009c   Code   RO         3927    x$fpl$dnaninf       fz_ws.l(dnaninf.o)
    0x080059a4   0x0000000c   Code   RO         3929    x$fpl$dretinf       fz_ws.l(dretinf.o)
    0x080059b0   0x00000016   Code   RO         3892    x$fpl$drsb          fz_ws.l(daddsub_clz.o)
    0x080059c6   0x00000002   PAD
    0x080059c8   0x000001d4   Code   RO         3893    x$fpl$dsub          fz_ws.l(daddsub_clz.o)
    0x08005b9c   0x00000004   Code   RO         3913    x$fpl$printf1       fz_ws.l(printf1.o)
    0x08005ba0   0x00000000   Code   RO         3931    x$fpl$usenofp       fz_ws.l(usenofp.o)
    0x08005ba0   0x00000018   Data   RO          352    .constdata          system_stm32f1xx.o
    0x08005bb8   0x00000028   Data   RO         3843    .constdata          c_w.l(_printf_hex_int.o)
    0x08005be0   0x00000011   Data   RO         3878    .constdata          c_w.l(__printf_flags_ss_wp.o)
    0x08005bf1   0x00000003   PAD
    0x08005bf4   0x00000094   Data   RO         3959    .constdata          c_w.l(bigflt0.o)
    0x08005c88   0x00000028   Data   RO         3640    .conststring        usmart.o
    0x08005cb0   0x00000117   Data   RO         3717    .conststring        usmart_config.o
    0x08005dc7   0x00000001   PAD
    0x08005dc8   0x00000020   Data   RO         4130    Region$$Table       anon$$obj.o
    0x08005de8   0x0000001c   Data   RO         3987    locale$$data        c_w.l(lc_numeric_c.o)


    Execution Region RW_IRAM1 (Base: 0x20000000, Size: 0x00000d30, Max: 0x00005000, ABSOLUTE, COMPRESSED[0x000002a0])

    Base Addr    Size         Type   Attr      Idx    E Section Name        Object

    0x20000000   0x00000004   Data   RW          353    .data               system_stm32f1xx.o
    0x20000004   0x00000009   Data   RW          501    .data               stm32f1xx_hal.o
    0x2000000d   0x00000003   PAD
    0x20000010   0x00000004   Data   RW         3196    .data               delay.o
    0x20000014   0x00000007   Data   RW         3285    .data               usart.o
    0x2000001b   0x00000001   PAD
    0x2000001c   0x00000010   Data   RW         3464    .data               wheelpwm.o
    0x2000002c   0x00000255   Data   RW         3565    .data               gimbalpulse.o
    0x20000281   0x00000003   PAD
    0x20000284   0x0000001c   Data   RW         3641    .data               usmart.o
    0x200002a0   0x0000013c   Data   RW         3718    .data               usmart_config.o
    0x200003dc   0x00000108   Zero   RW         3284    .bss                usart.o
    0x200004e4   0x00000058   Zero   RW         3352    .bss                spi.o
    0x2000053c   0x00000004   PAD
    0x20000540   0x000000e0   Zero   RW         3463    .bss                wheelpwm.o
    0x20000620   0x00000070   Zero   RW         3564    .bss                gimbalpulse.o
    0x20000690   0x00000040   Zero   RW         3639    .bss                usmart.o
    0x200006d0   0x00000060   Zero   RW         3995    .bss                c_w.l(libspace.o)
    0x20000730   0x00000200   Zero   RW          467    HEAP                startup_stm32f103xe.o
    0x20000930   0x00000400   Zero   RW          466    STACK               startup_stm32f103xe.o


==============================================================================

Image component sizes


      Code (inc. data)   RO Data    RW Data    ZI Data      Debug   Object Name

       116          8          0          4          0       1675   delay.o
       280         50          0        597        112       4515   gimbalpulse.o
        80          6          0          0          0     489103   main.o
        36          4          0          0         88        698   spi.o
        64         26        304          0       1536        760   startup_stm32f103xe.o
       152         32          0          9          0       5621   stm32f1xx_hal.o
       352         22          0          0          0      29998   stm32f1xx_hal_cortex.o
       424         10          0          0          0       1143   stm32f1xx_hal_dma.o
       858         40          0          0          0       3117   stm32f1xx_hal_gpio.o
         2          0          0          0          0        374   stm32f1xx_hal_msp.o
      1784        110          0          0          0       5692   stm32f1xx_hal_rcc.o
       964          0          0          0          0       4024   stm32f1xx_hal_spi.o
      2568         96          0          0          0      17320   stm32f1xx_hal_tim.o
         4          0          0          0          0       1409   stm32f1xx_hal_tim_ex.o
      1352         10          0          0          0       7715   stm32f1xx_hal_uart.o
        36          0          0          0          0       3402   stm32f1xx_it.o
        86          0          0          0          0        643   sys.o
        88         18         24          4          0        971   system_stm32f1xx.o
       220         98          0          0          0       1085   tmc260.o
       480         62          0          7        264       5410   usart.o
      3198       1354         40         28         64       6987   usmart.o
         0          0        279        316          0       1536   usmart_config.o
      1400         20          0          0          0       7981   usmart_str.o
      1252        290          0         16        224       8042   wheelpwm.o

    ----------------------------------------------------------------------
     15828       2256        680        988       2292     609221   Object Totals
         0          0         32          0          0          0   (incl. Generated)
        32          0          1          7          4          0   (incl. Padding)

    ----------------------------------------------------------------------

      Code (inc. data)   RO Data    RW Data    ZI Data      Debug   Library Member Name

        90          0          0          0          0          0   __dczerorl2.o
         8          0          0          0          0         68   __main.o
       392          4         17          0          0         92   __printf_flags_ss_wp.o
        14          0          0          0          0         68   __printf_wp.o
         0          0          0          0          0          0   __rtentry.o
        12          0          0          0          0          0   __rtentry2.o
         6          0          0          0          0          0   __rtentry4.o
        52          8          0          0          0          0   __scatter.o
        28          0          0          0          0          0   __scatter_zi.o
         6          0          0          0          0          0   _printf_c.o
        44          0          0          0          0        108   _printf_char.o
        48          6          0          0          0         96   _printf_char_common.o
        36          4          0          0          0         80   _printf_char_file.o
         6          0          0          0          0          0   _printf_d.o
       120         16          0          0          0         92   _printf_dec.o
         6          0          0          0          0          0   _printf_f.o
      1050          0          0          0          0        216   _printf_fp_dec.o
       128         16          0          0          0         84   _printf_fp_infnan.o
        88          4         40          0          0         88   _printf_hex_int.o
       178          0          0          0          0         88   _printf_intcommon.o
        78          0          0          0          0        108   _printf_pad.o
         0          0          0          0          0          0   _printf_percent.o
         4          0          0          0          0          0   _printf_percent_end.o
         6          0          0          0          0          0   _printf_s.o
        82          0          0          0          0         80   _printf_str.o
         6          0          0          0          0          0   _printf_u.o
         6          0          0          0          0          0   _printf_x.o
       220          4        148          0          0         96   bigflt0.o
      1910        128          0          0          0        672   btod.o
        12          0          0          0          0         72   exit.o
         8          0          0          0          0         68   ferror.o
         6          0          0          0          0        152   heapauxi.o
        44         10         28          0          0         76   lc_numeric_c.o
         2          0          0          0          0          0   libinit.o
        18          0          0          0          0          0   libinit2.o
         2          0          0          0          0          0   libshutdown.o
         2          0          0          0          0          0   libshutdown2.o
         8          4          0          0         96         68   libspace.o
       138          0          0          0          0         80   lludiv10.o
        24          4          0          0          0         84   noretval__2printf.o
         8          4          0          0          0         68   rt_locale_intlibspace.o
         2          0          0          0          0          0   rtexit.o
        10          0          0          0          0          0   rtexit2.o
       128          0          0          0          0         68   strcmpv7m.o
        74          0          0          0          0         80   sys_stackheap_outer.o
         2          0          0          0          0         68   use_no_semi.o
         2          0          0          0          0         68   use_no_semi_2.o
       826         16          0          0          0        348   daddsub_clz.o
       688        140          0          0          0        208   ddiv.o
        94          4          0          0          0         92   dfix.o
        38          0          0          0          0         68   dflt_clz.o
       340         12          0          0          0        104   dmul.o
       156          4          0          0          0         92   dnaninf.o
        12          0          0          0          0         68   dretinf.o
         4          0          0          0          0         68   printf1.o
         0          0          0          0          0          0   usenofp.o
        40          0          0          0          0         68   fpclassify.o

    ----------------------------------------------------------------------
      7324        388        236          0         96       4104   Library Totals
        12          0          3          0          0          0   (incl. Padding)

    ----------------------------------------------------------------------

      Code (inc. data)   RO Data    RW Data    ZI Data      Debug   Library Name

      5114        212        233          0         96       2988   c_w.l
      2158        176          0          0          0       1048   fz_ws.l
        40          0          0          0          0         68   m_ws.l

    ----------------------------------------------------------------------
      7324        388        236          0         96       4104   Library Totals

    ----------------------------------------------------------------------

==============================================================================


      Code (inc. data)   RO Data    RW Data    ZI Data      Debug   

     23152       2644        916        988       2388     604429   Grand Totals
     23152       2644        916        672       2388     604429   ELF Image Totals (compressed)
     23152       2644        916        672          0          0   ROM Totals

==============================================================================

    Total RO  Size (Code + RO Data)                24068 (  23.50kB)
    Total RW  Size (RW Data + ZI Data)              3376 (   3.30kB)
    Total ROM Size (Code + RO Data + RW Data)      24740 (  24.16kB)

==============================================================================

