<html>
<body>
<pre>
<h1>µVision Build Log</h1>
<h2>Tool Versions:</h2>
IDE-Version: ¦ÌVision V5.14.0.0
Copyright (C) 2015 ARM Ltd and ARM Germany GmbH. All rights reserved.
License Information: 1 1, 1, LIC=Q7GII-T85WE-WIJ5K-ZN473-FE8B9-H6HGU
 
Tool Versions:
Toolchain:       MDK-ARM Professional  Version: 5.14.0.0
Toolchain Path:  C:\Keil_v5\ARM\ARMCC\Bin
C Compiler:      Armcc.exe V5.05 update 1 (build 106)
Assembler:       Armasm.exe V5.05 update 1 (build 106)
Linker/Locator:  ArmLink.exe V5.05 update 1 (build 106)
Library Manager: ArmAr.exe V5.05 update 1 (build 106)
Hex Converter:   FromElf.exe V5.05 update 1 (build 106)
CPU DLL:         SARMCM3.DLL V5.14.0.0
Dialog DLL:      DCM.DLL V1.13.1.0
Target DLL:      Segger\JL2CM3.dll V2.99.13.0
Dialog DLL:      TCM.DLL V1.14.4.0
 
<h2>Project:</h2>
E:\4SGCMG\GimbalMotor\USER\GimbalMotor.uvprojx
Project File Date:  12/07/2020

<h2>Output:</h2>
Build target 'GimbalMotor'
compiling wheelpwm.c...
..\HARDWARE\PWM\gimbalpwm.h(10): warning:  #1-D: last line of file ends without a newline
   
..\HARDWARE\PWM\wheelpwm.h(28): warning:  #1295-D: Deprecated declaration incPIDInit - give arg types
  void incPIDInit();
..\HARDWARE\PWM\wheelpwm.h(34): warning:  #1295-D: Deprecated declaration IO2Init - give arg types
  void IO2Init();
..\HARDWARE\PWM\wheelpwm.c: 3 warnings, 0 errors
linking...
Program Size: Code=23152 RO-data=916 RW-data=988 ZI-data=2388  
FromELF: creating hex file...
"..\OBJ\GimbalMotor.axf" - 0 Error(s), 3 Warning(s).

<h2>Collection of Component include folders:</h2>
  E:\4SGCMG\GimbalMotor\USER\RTE
  C:\Keil_v5\ARM\PACK\Keil\STM32F1xx_DFP\1.0.5\Device\Include

<h2>Collection of Component Files used:</h2>
</pre>
</body>
</html>
